Archive member included to satisfy reference by file (symbol)

C:/ST/STM32CubeIDE_1.15.0/STM32CubeIDE/plugins/com.st.stm32cube.ide.mcu.externaltools.gnu-tools-for-stm32.12.3.rel1.win32_1.0.100.202403111256/tools/bin/../lib/gcc/arm-none-eabi/12.3.1/../../../../arm-none-eabi/lib/thumb/v7e-m+fp/hard\libc_nano.a(libc_a-atof.o)
                              ./Core/Src/GPS.o (atof)
C:/ST/STM32CubeIDE_1.15.0/STM32CubeIDE/plugins/com.st.stm32cube.ide.mcu.externaltools.gnu-tools-for-stm32.12.3.rel1.win32_1.0.100.202403111256/tools/bin/../lib/gcc/arm-none-eabi/12.3.1/../../../../arm-none-eabi/lib/thumb/v7e-m+fp/hard\libc_nano.a(libc_a-exit.o)
                              C:/ST/STM32CubeIDE_1.15.0/STM32CubeIDE/plugins/com.st.stm32cube.ide.mcu.externaltools.gnu-tools-for-stm32.12.3.rel1.win32_1.0.100.202403111256/tools/bin/../lib/gcc/arm-none-eabi/12.3.1/../../../../arm-none-eabi/lib/thumb/v7e-m+fp/hard/crt0.o (exit)
C:/ST/STM32CubeIDE_1.15.0/STM32CubeIDE/plugins/com.st.stm32cube.ide.mcu.externaltools.gnu-tools-for-stm32.12.3.rel1.win32_1.0.100.202403111256/tools/bin/../lib/gcc/arm-none-eabi/12.3.1/../../../../arm-none-eabi/lib/thumb/v7e-m+fp/hard\libc_nano.a(libc_a-strtod.o)
                              C:/ST/STM32CubeIDE_1.15.0/STM32CubeIDE/plugins/com.st.stm32cube.ide.mcu.externaltools.gnu-tools-for-stm32.12.3.rel1.win32_1.0.100.202403111256/tools/bin/../lib/gcc/arm-none-eabi/12.3.1/../../../../arm-none-eabi/lib/thumb/v7e-m+fp/hard\libc_nano.a(libc_a-atof.o) (strtod)
C:/ST/STM32CubeIDE_1.15.0/STM32CubeIDE/plugins/com.st.stm32cube.ide.mcu.externaltools.gnu-tools-for-stm32.12.3.rel1.win32_1.0.100.202403111256/tools/bin/../lib/gcc/arm-none-eabi/12.3.1/../../../../arm-none-eabi/lib/thumb/v7e-m+fp/hard\libc_nano.a(libc_a-nano-vfprintf_float.o)
                              (_printf_float)
C:/ST/STM32CubeIDE_1.15.0/STM32CubeIDE/plugins/com.st.stm32cube.ide.mcu.externaltools.gnu-tools-for-stm32.12.3.rel1.win32_1.0.100.202403111256/tools/bin/../lib/gcc/arm-none-eabi/12.3.1/../../../../arm-none-eabi/lib/thumb/v7e-m+fp/hard\libc_nano.a(libc_a-nano-vfprintf_i.o)
                              C:/ST/STM32CubeIDE_1.15.0/STM32CubeIDE/plugins/com.st.stm32cube.ide.mcu.externaltools.gnu-tools-for-stm32.12.3.rel1.win32_1.0.100.202403111256/tools/bin/../lib/gcc/arm-none-eabi/12.3.1/../../../../arm-none-eabi/lib/thumb/v7e-m+fp/hard\libc_nano.a(libc_a-nano-vfprintf_float.o) (_printf_common)
C:/ST/STM32CubeIDE_1.15.0/STM32CubeIDE/plugins/com.st.stm32cube.ide.mcu.externaltools.gnu-tools-for-stm32.12.3.rel1.win32_1.0.100.202403111256/tools/bin/../lib/gcc/arm-none-eabi/12.3.1/../../../../arm-none-eabi/lib/thumb/v7e-m+fp/hard\libc_nano.a(libc_a-nano-vfscanf_float.o)
                              (_scanf_float)
C:/ST/STM32CubeIDE_1.15.0/STM32CubeIDE/plugins/com.st.stm32cube.ide.mcu.externaltools.gnu-tools-for-stm32.12.3.rel1.win32_1.0.100.202403111256/tools/bin/../lib/gcc/arm-none-eabi/12.3.1/../../../../arm-none-eabi/lib/thumb/v7e-m+fp/hard\libc_nano.a(libc_a-findfp.o)
                              C:/ST/STM32CubeIDE_1.15.0/STM32CubeIDE/plugins/com.st.stm32cube.ide.mcu.externaltools.gnu-tools-for-stm32.12.3.rel1.win32_1.0.100.202403111256/tools/bin/../lib/gcc/arm-none-eabi/12.3.1/../../../../arm-none-eabi/lib/thumb/v7e-m+fp/hard\libc_nano.a(libc_a-exit.o) (__stdio_exit_handler)
C:/ST/STM32CubeIDE_1.15.0/STM32CubeIDE/plugins/com.st.stm32cube.ide.mcu.externaltools.gnu-tools-for-stm32.12.3.rel1.win32_1.0.100.202403111256/tools/bin/../lib/gcc/arm-none-eabi/12.3.1/../../../../arm-none-eabi/lib/thumb/v7e-m+fp/hard\libc_nano.a(libc_a-fwalk.o)
                              C:/ST/STM32CubeIDE_1.15.0/STM32CubeIDE/plugins/com.st.stm32cube.ide.mcu.externaltools.gnu-tools-for-stm32.12.3.rel1.win32_1.0.100.202403111256/tools/bin/../lib/gcc/arm-none-eabi/12.3.1/../../../../arm-none-eabi/lib/thumb/v7e-m+fp/hard\libc_nano.a(libc_a-findfp.o) (_fwalk_sglue)
C:/ST/STM32CubeIDE_1.15.0/STM32CubeIDE/plugins/com.st.stm32cube.ide.mcu.externaltools.gnu-tools-for-stm32.12.3.rel1.win32_1.0.100.202403111256/tools/bin/../lib/gcc/arm-none-eabi/12.3.1/../../../../arm-none-eabi/lib/thumb/v7e-m+fp/hard\libc_nano.a(libc_a-sprintf.o)
                              C:/ST/STM32CubeIDE_1.15.0/STM32CubeIDE/plugins/com.st.stm32cube.ide.mcu.externaltools.gnu-tools-for-stm32.12.3.rel1.win32_1.0.100.202403111256/tools/bin/../lib/gcc/arm-none-eabi/12.3.1/../../../../arm-none-eabi/lib/thumb/v7e-m+fp/hard\libc_nano.a(libc_a-nano-vfscanf_float.o) (sprintf)
C:/ST/STM32CubeIDE_1.15.0/STM32CubeIDE/plugins/com.st.stm32cube.ide.mcu.externaltools.gnu-tools-for-stm32.12.3.rel1.win32_1.0.100.202403111256/tools/bin/../lib/gcc/arm-none-eabi/12.3.1/../../../../arm-none-eabi/lib/thumb/v7e-m+fp/hard\libc_nano.a(libc_a-stdio.o)
[...]
Memory Configuration

Name             Origin             Length             Attributes
CCMRAM           0x10000000         0x00010000         xrw
RAM              0x20000000         0x00020000         xrw
FLASH            0x08000000         0x00080000         xr
*default*        0x00000000         0xffffffff

Linker script and memory map

LOAD C:/ST/STM32CubeIDE_1.15.0/STM32CubeIDE/plugins/com.st.stm32cube.ide.mcu.externaltools.gnu-tools-for-stm32.12.3.rel1.win32_1.0.100.202403111256/tools/bin/../lib/gcc/arm-none-eabi/12.3.1/thumb/v7e-m+fp/hard/crti.o
LOAD C:/ST/STM32CubeIDE_1.15.0/STM32CubeIDE/plugins/com.st.stm32cube.ide.mcu.externaltools.gnu-tools-for-stm32.12.3.rel1.win32_1.0.100.202403111256/tools/bin/../lib/gcc/arm-none-eabi/12.3.1/thumb/v7e-m+fp/hard/crtbegin.o
LOAD C:/ST/STM32CubeIDE_1.15.0/STM32CubeIDE/plugins/com.st.stm32cube.ide.mcu.externaltools.gnu-tools-for-stm32.12.3.rel1.win32_1.0.100.202403111256/tools/bin/../lib/gcc/arm-none-eabi/12.3.1/../../../../arm-none-eabi/lib/thumb/v7e-m+fp/hard/crt0.o
LOAD ./Core/Src/GPS.o
LOAD ./Core/Src/GoToMap.o
LOAD ./Core/Src/XPT2046_touch.o
LOAD ./Core/Src/adc.o
LOAD ./Core/Src/dma.o
LOAD ./Core/Src/font12.o
LOAD ./Core/Src/font16.o
LOAD ./Core/Src/font20.o
LOAD ./Core/Src/font24.o
LOAD ./Core/Src/font8.o
LOAD ./Core/Src/fsmc.o
LOAD ./Core/Src/gpio.o
LOAD ./Core/Src/ili9341.o
LOAD ./Core/Src/main.o
LOAD ./Core/Src/map.o
LOAD ./Core/Src/minus25.o
LOAD ./Core/Src/plus25.o
LOAD ./Core/Src/rtc.o
LOAD ./Core/Src/sdio.o
LOAD ./Core/Src/spi.o
LOAD ./Core/Src/stm32f4xx_hal_msp.o
LOAD ./Core/Src/stm32f4xx_it.o
LOAD ./Core/Src/syscalls.o
LOAD ./Core/Src/sysmem.o
LOAD ./Core/Src/system_stm32f4xx.o
LOAD ./Core/Src/tim.o
LOAD ./Core/Src/usart.o
LOAD ./Core/Startup/startup_stm32f407vetx.o
LOAD ./Drivers/STM32F4xx_HAL_Driver/Src/stm32f4xx_hal.o
LOAD ./Drivers/STM32F4xx_HAL_Driver/Src/stm32f4xx_hal_adc.o
LOAD ./Drivers/STM32F4xx_HAL_Driver/Src/stm32f4xx_hal_adc_ex.o
LOAD ./Drivers/STM32F4xx_HAL_Driver/Src/stm32f4xx_hal_cortex.o
LOAD ./Drivers/STM32F4xx_HAL_Driver/Src/stm32f4xx_hal_dma.o
LOAD ./Drivers/STM32F4xx_HAL_Driver/Src/stm32f4xx_hal_dma_ex.o
LOAD ./Drivers/STM32F4xx_HAL_Driver/Src/stm32f4xx_hal_exti.o
LOAD ./Drivers/STM32F4xx_HAL_Driver/Src/stm32f4xx_hal_flash.o
LOAD ./Drivers/STM32F4xx_HAL_Driver/Src/stm32f4xx_hal_flash_ex.o
LOAD ./Drivers/STM32F4xx_HAL_Driver/Src/stm32f4xx_hal_flash_ramfunc.o
LOAD ./Drivers/STM32F4xx_HAL_Driver/Src/stm32f4xx_hal_gpio.o
LOAD ./Drivers/STM32F4xx_HAL_Driver/Src/stm32f4xx_hal_pwr.o
LOAD ./Drivers/STM32F4xx_HAL_Driver/Src/stm32f4xx_hal_pwr_ex.o
LOAD ./Drivers/STM32F4xx_HAL_Driver/Src/stm32f4xx_hal_rcc.o
LOAD ./Drivers/STM32F4xx_HAL_Driver/Src/stm32f4xx_hal_rcc_ex.o
LOAD ./Drivers/STM32F4xx_HAL_Driver/Src/stm32f4xx_hal_rtc.o
LOAD ./Drivers/STM32F4xx_HAL_Driver/Src/stm32f4xx_hal_rtc_ex.o
LOAD ./Drivers/STM32F4xx_HAL_Driver/Src/stm32f4xx_hal_sd.o
LOAD ./Drivers/STM32F4xx_HAL_Driver/Src/stm32f4xx_hal_spi.o
LOAD ./Drivers/STM32F4xx_HAL_Driver/Src/stm32f4xx_hal_sram.o
LOAD ./Drivers/STM32F4xx_HAL_Driver/Src/stm32f4xx_hal_tim.o
LOAD ./Drivers/STM32F4xx_HAL_Driver/Src/stm32f4xx_hal_tim_ex.o
LOAD ./Drivers/STM32F4xx_HAL_Driver/Src/stm32f4xx_hal_uart.o
LOAD ./Drivers/STM32F4xx_HAL_Driver/Src/stm32f4xx_ll_adc.o
LOAD ./Drivers/STM32F4xx_HAL_Driver/Src/stm32f4xx_ll_fsmc.o
LOAD ./Drivers/STM32F4xx_HAL_Driver/Src/stm32f4xx_ll_sdmmc.o
LOAD ./FATFS/App/fatfs.o
LOAD ./FATFS/Target/bsp_driver_sd.o
LOAD ./FATFS/Target/sd_diskio.o
LOAD ./Middlewares/Third_Party/FatFs/src/diskio.o
LOAD ./Middlewares/Third_Party/FatFs/src/ff.o
LOAD ./Middlewares/Third_Party/FatFs/src/ff_gen_drv.o
LOAD ./Middlewares/Third_Party/FatFs/src/option/syscall.o
START GROUP
LOAD C:/ST/STM32CubeIDE_1.15.0/STM32CubeIDE/plugins/com.st.stm32cube.ide.mcu.externaltools.gnu-tools-for-stm32.12.3.rel1.win32_1.0.100.202403111256/tools/bin/../lib/gcc/arm-none-eabi/12.3.1/../../../../arm-none-eabi/lib/thumb/v7e-m+fp/hard\libc_nano.a
LOAD C:/ST/STM32CubeIDE_1.15.0/STM32CubeIDE/plugins/com.st.stm32cube.ide.mcu.externaltools.gnu-tools-for-stm32.12.3.rel1.win32_1.0.100.202403111256/tools/bin/../lib/gcc/arm-none-eabi/12.3.1/../../../../arm-none-eabi/lib/thumb/v7e-m+fp/hard\libm.a
END GROUP
START GROUP
LOAD C:/ST/STM32CubeIDE_1.15.0/STM32CubeIDE/plugins/com.st.stm32cube.ide.mcu.externaltools.gnu-tools-for-stm32.12.3.rel1.win32_1.0.100.202403111256/tools/bin/../lib/gcc/arm-none-eabi/12.3.1/thumb/v7e-m+fp/hard\libgcc.a
LOAD C:/ST/STM32CubeIDE_1.15.0/STM32CubeIDE/plugins/com.st.stm32cube.ide.mcu.externaltools.gnu-tools-for-stm32.12.3.rel1.win32_1.0.100.202403111256/tools/bin/../lib/gcc/arm-none-eabi/12.3.1/../../../../arm-none-eabi/lib/thumb/v7e-m+fp/hard\libc_nano.a
END GROUP
START GROUP
LOAD C:/ST/STM32CubeIDE_1.15.0/STM32CubeIDE/plugins/com.st.stm32cube.ide.mcu.externaltools.gnu-tools-for-stm32.12.3.rel1.win32_1.0.100.202403111256/tools/bin/../lib/gcc/arm-none-eabi/12.3.1/thumb/v7e-m+fp/hard\libgcc.a
LOAD C:/ST/STM32CubeIDE_1.15.0/STM32CubeIDE/plugins/com.st.stm32cube.ide.mcu.externaltools.gnu-tools-for-stm32.12.3.rel1.win32_1.0.100.202403111256/tools/bin/../lib/gcc/arm-none-eabi/12.3.1/../../../../arm-none-eabi/lib/thumb/v7e-m+fp/hard\libc_nano.a
LOAD C:/ST/STM32CubeIDE_1.15.0/STM32CubeIDE/plugins/com.st.stm32cube.ide.mcu.externaltools.gnu-tools-for-stm32.12.3.rel1.win32_1.0.100.202403111256/tools/bin/../lib/gcc/arm-none-eabi/12.3.1/../../../../arm-none-eabi/lib/thumb/v7e-m+fp/hard\libnosys.a
END GROUP
START GROUP
LOAD C:/ST/STM32CubeIDE_1.15.0/STM32CubeIDE/plugins/com.st.stm32cube.ide.mcu.externaltools.gnu-tools-for-stm32.12.3.rel1.win32_1.0.100.202403111256/tools/bin/../lib/gcc/arm-none-eabi/12.3.1/thumb/v7e-m+fp/hard\libgcc.a
LOAD C:/ST/STM32CubeIDE_1.15.0/STM32CubeIDE/plugins/com.st.stm32cube.ide.mcu.externaltools.gnu-tools-for-stm32.12.3.rel1.win32_1.0.100.202403111256/tools/bin/../lib/gcc/arm-none-eabi/12.3.1/../../../../arm-none-eabi/lib/thumb/v7e-m+fp/hard\libc_nano.a
LOAD C:/ST/STM32CubeIDE_1.15.0/STM32CubeIDE/plugins/com.st.stm32cube.ide.mcu.externaltools.gnu-tools-for-stm32.12.3.rel1.win32_1.0.100.202403111256/tools/bin/../lib/gcc/arm-none-eabi/12.3.1/../../../../arm-none-eabi/lib/thumb/v7e-m+fp/hard\libnosys.a
END GROUP
LOAD C:/ST/STM32CubeIDE_1.15.0/STM32CubeIDE/plugins/com.st.stm32cube.ide.mcu.externaltools.gnu-tools-for-stm32.12.3.rel1.win32_1.0.100.202403111256/tools/bin/../lib/gcc/arm-none-eabi/12.3.1/thumb/v7e-m+fp/hard/crtend.o
LOAD C:/ST/STM32CubeIDE_1.15.0/STM32CubeIDE/plugins/com.st.stm32cube.ide.mcu.externaltools.gnu-tools-for-stm32.12.3.rel1.win32_1.0.100.202403111256/tools/bin/../lib/gcc/arm-none-eabi/12.3.1/thumb/v7e-m+fp/hard/crtn.o
                0x20020000                        _estack = (ORIGIN (RAM) + LENGTH (RAM))
                0x00000200                        _Min_Heap_Size = 0x200
                0x00000400                        _Min_Stack_Size = 0x400

.isr_vector     0x08000000      0x188
                0x08000000                        . = ALIGN (0x4)
 *(.isr_vector)
 .isr_vector    0x08000000      0x188 ./Core/Startup/startup_stm32f407vetx.o
                0x08000000                g_pfnVectors
                0x08000188                        . = ALIGN (0x4)

.text           0x08000190     0xc8d0
                0x08000190                        . = ALIGN (0x4)
 *(.text)
 .text          0x08000190       0x40 C:/ST/STM32CubeIDE_1.15.0/STM32CubeIDE/plugins/com.st.stm32cube.ide.mcu.externaltools.gnu-tools-for-stm32.12.3.rel1.win32_1.0.100.202403111256/tools/bin/../lib/gcc/arm-none-eabi/12.3.1/thumb/v7e-m+fp/hard/crtbegin.o
 .text          0x080001d0       0xa0 C:/ST/STM32CubeIDE_1.15.0/STM32CubeIDE/plugins/com.st.stm32cube.ide.mcu.externaltools.gnu-tools-for-stm32.12.3.rel1.win32_1.0.100.202403111256/tools/bin/../lib/gcc/arm-none-eabi/12.3.1/../../../../arm-none-eabi/lib/thumb/v7e-m+fp/hard\libc_nano.a(libc_a-memchr.o)
                0x080001d0                memchr
 .text          0x08000270       0x10 C:/ST/STM32CubeIDE_1.15.0/STM32CubeIDE/plugins/com.st.stm32cube.ide.mcu.externaltools.gnu-tools-for-stm32.12.3.rel1.win32_1.0.100.202403111256/tools/bin/../lib/gcc/arm-none-eabi/12.3.1/../../../../arm-none-eabi/lib/thumb/v7e-m+fp/hard\libc_nano.a(libc_a-strlen.o)
                0x08000270                strlen
 .text          0x08000280      0x378 C:/ST/STM32CubeIDE_1.15.0/STM32CubeIDE/plugins/com.st.stm32cube.ide.mcu.externaltools.gnu-tools-for-stm32.12.3.rel1.win32_1.0.100.202403111256/tools/bin/../lib/gcc/arm-none-eabi/12.3.1/thumb/v7e-m+fp/hard\libgcc.a(_arm_addsubdf3.o)
                0x08000280                __aeabi_drsub
                0x08000288                __aeabi_dsub
                0x08000288                __subdf3
                0x0800028c                __aeabi_dadd
                0x0800028c                __adddf3
                0x08000504                __floatunsidf
                0x08000504                __aeabi_ui2d
                0x08000524                __floatsidf
                0x08000524                __aeabi_i2d
                0x08000548                __aeabi_f2d
                0x08000548                __extendsfdf2
                0x0800058c                __floatundidf
                0x0800058c                __aeabi_ul2d
                0x0800059c                __floatdidf
                0x0800059c                __aeabi_l2d
 .text          0x080005f8      0x424 C:/ST/STM32CubeIDE_1.15.0/STM32CubeIDE/plugins/com.st.stm32cube.ide.mcu.externaltools.gnu-tools-for-stm32.12.3.rel1.win32_1.0.100.202403111256/tools/bin/../lib/gcc/arm-none-eabi/12.3.1/thumb/v7e-m+fp/hard\libgcc.a(_arm_muldivdf3.o)
                0x080005f8                __aeabi_dmul
                0x080005f8                __muldf3
                0x0800084c                __divdf3
                0x0800084c                __aeabi_ddiv
 .text          0x08000a1c      0x110 C:/ST/STM32CubeIDE_1.15.0/STM32CubeIDE/plugins/com.st.stm32cube.ide.mcu.externaltools.gnu-tools-for-stm32.12.3.rel1.win32_1.0.100.202403111256/tools/bin/../lib/gcc/arm-none-eabi/12.3.1/thumb/v7e-m+fp/hard\libgcc.a(_arm_cmpdf2.o)
                0x08000a1c                __gtdf2
                0x08000a1c                __gedf2
                0x08000a24                __ltdf2
                0x08000a24                __ledf2
                0x08000a2c                __nedf2
                0x08000a2c                __eqdf2
                0x08000a2c                __cmpdf2
                0x08000aa8                __aeabi_cdrcmple
                0x08000ab8                __aeabi_cdcmpeq
                0x08000ab8                __aeabi_cdcmple
                0x08000ac8                __aeabi_dcmpeq
                0x08000adc                __aeabi_dcmplt
                0x08000af0                __aeabi_dcmple
                0x08000b04                __aeabi_dcmpge
                0x08000b18                __aeabi_dcmpgt
 .text          0x08000b2c       0x2c C:/ST/STM32CubeIDE_1.15.0/STM32CubeIDE/plugins/com.st.stm32cube.ide.mcu.externaltools.gnu-tools-for-stm32.12.3.rel1.win32_1.0.100.202403111256/tools/bin/../lib/gcc/arm-none-eabi/12.3.1/thumb/v7e-m+fp/hard\libgcc.a(_arm_unorddf2.o)
                0x08000b2c                __unorddf2
                0x08000b2c                __aeabi_dcmpun
 .text          0x08000b58       0x50 C:/ST/STM32CubeIDE_1.15.0/STM32CubeIDE/plugins/com.st.stm32cube.ide.mcu.externaltools.gnu-tools-for-stm32.12.3.rel1.win32_1.0.100.202403111256/tools/bin/../lib/gcc/arm-none-eabi/12.3.1/thumb/v7e-m+fp/hard\libgcc.a(_arm_fixdfsi.o)
                0x08000b58                __aeabi_d2iz
                0x08000b58                __fixdfsi
 .text          0x08000ba8       0x40 C:/ST/STM32CubeIDE_1.15.0/STM32CubeIDE/plugins/com.st.stm32cube.ide.mcu.externaltools.gnu-tools-for-stm32.12.3.rel1.win32_1.0.100.202403111256/tools/bin/../lib/gcc/arm-none-eabi/12.3.1/thumb/v7e-m+fp/hard\libgcc.a(_arm_fixunsdfsi.o)
                0x08000ba8                __aeabi_d2uiz
                0x08000ba8                __fixunsdfsi
 .text          0x08000be8       0xa0 C:/ST/STM32CubeIDE_1.15.0/STM32CubeIDE/plugins/com.st.stm32cube.ide.mcu.externaltools.gnu-tools-for-stm32.12.3.rel1.win32_1.0.100.202403111256/tools/bin/../lib/gcc/arm-none-eabi/12.3.1/thumb/v7e-m+fp/hard\libgcc.a(_arm_truncdfsf2.o)
                0x08000be8                __truncdfsf2
                0x08000be8                __aeabi_d2f
 .text          0x08000c88       0x30 C:/ST/STM32CubeIDE_1.15.0/STM32CubeIDE/plugins/com.st.stm32cube.ide.mcu.externaltools.gnu-tools-for-stm32.12.3.rel1.win32_1.0.100.202403111256/tools/bin/../lib/gcc/arm-none-eabi/12.3.1/thumb/v7e-m+fp/hard\libgcc.a(_aeabi_uldivmod.o)
                0x08000c88                __aeabi_uldivmod
 .text          0x08000cb8       0x30 C:/ST/STM32CubeIDE_1.15.0/STM32CubeIDE/plugins/com.st.stm32cube.ide.mcu.externaltools.gnu-tools-for-stm32.12.3.rel1.win32_1.0.100.202403111256/tools/bin/../lib/gcc/arm-none-eabi/12.3.1/thumb/v7e-m+fp/hard\libgcc.a(_fixdfdi.o)
                0x08000cb8                __fixdfdi
                0x08000cb8                __aeabi_d2lz
 .text          0x08000ce8       0x3c C:/ST/STM32CubeIDE_1.15.0/STM32CubeIDE/plugins/com.st.stm32cube.ide.mcu.externaltools.gnu-tools-for-stm32.12.3.rel1.win32_1.0.100.202403111256/tools/bin/../lib/gcc/arm-none-eabi/12.3.1/thumb/v7e-m+fp/hard\libgcc.a(_fixunsdfdi.o)
                0x08000ce8                __fixunsdfdi
                0x08000ce8                __aeabi_d2ulz
 .text          0x08000d24      0x2bc C:/ST/STM32CubeIDE_1.15.0/STM32CubeIDE/plugins/com.st.stm32cube.ide.mcu.externaltools.gnu-tools-for-stm32.12.3.rel1.win32_1.0.100.202403111256/tools/bin/../lib/gcc/arm-none-eabi/12.3.1/thumb/v7e-m+fp/hard\libgcc.a(_udivmoddi4.o)
                0x08000d24                __udivmoddi4
 .text          0x08000fe0        0x4 C:/ST/STM32CubeIDE_1.15.0/STM32CubeIDE/plugins/com.st.stm32cube.ide.mcu.externaltools.gnu-tools-for-stm32.12.3.rel1.win32_1.0.100.202403111256/tools/bin/../lib/gcc/arm-none-eabi/12.3.1/thumb/v7e-m+fp/hard\libgcc.a(_dvmd_tls.o)
                0x08000fe0                __aeabi_idiv0
                0x08000fe0                __aeabi_ldiv0
 *(.text*)
 .text.ParseCoordinate
                0x08000fe4       0x54 ./Core/Src/GPS.o
                0x08000fe4                ParseCoordinate
 .text.GPS_ProcessChar
                0x08001038      0x1b8 ./Core/Src/GPS.o
                0x08001038                GPS_ProcessChar
 .text.GPS_GetData
                0x080011f0        0x8 ./Core/Src/GPS.o
                0x080011f0                GPS_GetData
 .text.XPT2046_TouchSelect
                0x080011f8       0x14 ./Core/Src/XPT2046_touch.o
 .text.XPT2046_TouchUnselect
                0x0800120c       0x14 ./Core/Src/XPT2046_touch.o
 .text.XPT2046_TouchPressed
                0x08001220       0x18 ./Core/Src/XPT2046_touch.o
                0x08001220                XPT2046_TouchPressed
 .text.XPT2046_TouchGetCoordinates
                0x08001238      0x12c ./Core/Src/XPT2046_touch.o
                0x08001238                XPT2046_TouchGetCoordinates
 .text.MX_ADC1_Init
                0x08001364       0x8c ./Core/Src/adc.o
                0x08001364                MX_ADC1_Init
 .text.HAL_ADC_MspInit
                0x080013f0       0x68 ./Core/Src/adc.o
                0x080013f0                HAL_ADC_MspInit
 .text.MX_DMA_Init
                0x08001458       0x34 ./Core/Src/dma.o
                0x08001458                MX_DMA_Init
 .text.HAL_FSMC_MspInit
                0x0800148c       0x7c ./Core/Src/fsmc.o
 .text.MX_FSMC_Init
                0x08001508       0x70 ./Core/Src/fsmc.o
                0x08001508                MX_FSMC_Init
 .text.HAL_SRAM_MspInit
                0x08001578        0x8 ./Core/Src/fsmc.o
                0x08001578                HAL_SRAM_MspInit
 .text.MX_GPIO_Init
                0x08001580      0x1bc ./Core/Src/gpio.o
                0x08001580                MX_GPIO_Init
 .text.lcdWriteData
                0x0800173c        0xc ./Core/Src/ili9341.o
 .text.lcdReadData
                0x08001748        0xc ./Core/Src/ili9341.o
 .text.lcdSetTextFont
                0x08001754        0xc ./Core/Src/ili9341.o
                0x08001754                lcdSetTextFont
 .text.lcdSetTextColor
                0x08001760        0xc ./Core/Src/ili9341.o
                0x08001760                lcdSetTextColor
 .text.lcdGetHeight
                0x0800176c        0x4 ./Core/Src/ili9341.o
                0x0800176c                lcdGetHeight
 .text.lcdGetTextFont
                0x08001770        0xc ./Core/Src/ili9341.o
                0x08001770                lcdGetTextFont
 .text.lcdWriteCommand
                0x0800177c        0x8 ./Core/Src/ili9341.o
                0x0800177c                lcdWriteCommand
 .text.lcdReset
                0x08001784       0x10 ./Core/Src/ili9341.o
 .text.lcdInit  0x08001794      0x1e4 ./Core/Src/ili9341.o
                0x08001794                lcdInit
 .text.lcdSetWindow
                0x08001978       0x4e ./Core/Src/ili9341.o
                0x08001978                lcdSetWindow
 *fill*         0x080019c6        0x2 
 .text.lcdFillRGB
                0x080019c8       0x4c ./Core/Src/ili9341.o
                0x080019c8                lcdFillRGB
 .text.lcdDrawPixel
                0x08001a14       0x22 ./Core/Src/ili9341.o
                0x08001a14                lcdDrawPixel
 *fill*         0x08001a36        0x2 
 .text.lcdDrawChar
                0x08001a38       0xe4 ./Core/Src/ili9341.o
                0x08001a38                lcdDrawChar
 .text.lcdPrintf
                0x08001b1c       0xb4 ./Core/Src/ili9341.o
                0x08001b1c                lcdPrintf
 .text.lcdDrawPosition
                0x08001bd0       0x38 ./Core/Src/ili9341.o
                0x08001bd0                lcdDrawPosition
 .text.lcdDrawPixels
                0x08001c08       0x24 ./Core/Src/ili9341.o
 .text.lcdDrawImage
                0x08001c2c       0x4e ./Core/Src/ili9341.o
                0x08001c2c                lcdDrawImage
 *fill*         0x08001c7a        0x2 
 .text.lcdSetCursor
                0x08001c7c       0x18 ./Core/Src/ili9341.o
                0x08001c7c                lcdSetCursor
 .text.lcdDisplayOn
                0x08001c94       0x18 ./Core/Src/ili9341.o
                0x08001c94                lcdDisplayOn
 .text.lcdGetControllerID
                0x08001cac       0x26 ./Core/Src/ili9341.o
                0x08001cac                lcdGetControllerID
 *fill*         0x08001cd2        0x2 
 .text.LCD_PrintVbat
                0x08001cd4       0x4c ./Core/Src/ili9341.o
                0x08001cd4                LCD_PrintVbat
 .text.LCD_PrintCPU_t
                0x08001d20       0x4c ./Core/Src/ili9341.o
                0x08001d20                LCD_PrintCPU_t
 .text.LCD_PrintTime
                0x08001d6c       0x58 ./Core/Src/ili9341.o
                0x08001d6c                LCD_PrintTime
 .text.LCD_PrintDate
                0x08001dc4       0x9c ./Core/Src/ili9341.o
                0x08001dc4                LCD_PrintDate
 .text.LCD_PrintSat
                0x08001e60       0x44 ./Core/Src/ili9341.o
                0x08001e60                LCD_PrintSat
 .text.LCD_GPS_lost
                0x08001ea4       0x38 ./Core/Src/ili9341.o
                0x08001ea4                LCD_GPS_lost
 .text.Print_Vbat_Temp
                0x08001edc       0xb8 ./Core/Src/main.o
                0x08001edc                Print_Vbat_Temp
 .text.GetDayOfWeek
                0x08001f94       0x88 ./Core/Src/main.o
                0x08001f94                GetDayOfWeek
 .text.SetTime  0x0800201c       0x94 ./Core/Src/main.o
                0x0800201c                SetTime
 .text.Get_Time_For_LCD
                0x080020b0       0x38 ./Core/Src/main.o
                0x080020b0                Get_Time_For_LCD
 .text.GPS_PrintSatellites
                0x080020e8       0x22 ./Core/Src/main.o
                0x080020e8                GPS_PrintSatellites
 *fill*         0x0800210a        0x2 
 .text.GPSfoundPrint
                0x0800210c       0x54 ./Core/Src/main.o
                0x0800210c                GPSfoundPrint
 .text.HAL_UART_RxCpltCallback
                0x08002160       0x98 ./Core/Src/main.o
                0x08002160                HAL_UART_RxCpltCallback
 .text.HAL_GPIO_EXTI_Callback
                0x080021f8       0x30 ./Core/Src/main.o
                0x080021f8                HAL_GPIO_EXTI_Callback
 .text.Error_Handler
                0x08002228       0x14 ./Core/Src/main.o
                0x08002228                Error_Handler
 .text.SystemClock_Config
                0x0800223c       0xac ./Core/Src/main.o
                0x0800223c                SystemClock_Config
 .text.main     0x080022e8      0x31c ./Core/Src/main.o
                0x080022e8                main
 .text.PrintBigMap
                0x08002604       0x58 ./Core/Src/map.o
                0x08002604                PrintBigMap
 .text.PrintBigMapFirst
                0x0800265c       0x7c ./Core/Src/map.o
                0x0800265c                PrintBigMapFirst
 .text.PrintCoordinatesPoint
                0x080026d8       0xf8 ./Core/Src/map.o
                0x080026d8                PrintCoordinatesPoint
 .text.MX_RTC_Init
                0x080027d0       0x30 ./Core/Src/rtc.o
                0x080027d0                MX_RTC_Init
 .text.HAL_RTC_MspInit
                0x08002800       0x48 ./Core/Src/rtc.o
                0x08002800                HAL_RTC_MspInit
 .text.MX_SDIO_SD_Init
                0x08002848       0x7c ./Core/Src/sdio.o
                0x08002848                MX_SDIO_SD_Init
 .text.HAL_SD_MspInit
                0x080028c4      0x12c ./Core/Src/sdio.o
                0x080028c4                HAL_SD_MspInit
 .text.MX_SPI2_Init
                0x080029f0       0x44 ./Core/Src/spi.o
                0x080029f0                MX_SPI2_Init
 .text.HAL_SPI_MspInit
                0x08002a34       0x70 ./Core/Src/spi.o
                0x08002a34                HAL_SPI_MspInit
 .text.HAL_MspInit
                0x08002aa4       0x38 ./Core/Src/stm32f4xx_hal_msp.o
                0x08002aa4                HAL_MspInit
 .text.NMI_Handler
                0x08002adc        0x2 ./Core/Src/stm32f4xx_it.o
                0x08002adc                NMI_Handler
 .text.HardFault_Handler
                0x08002ade        0x2 ./Core/Src/stm32f4xx_it.o
                0x08002ade                HardFault_Handler
 .text.MemManage_Handler
                0x08002ae0        0x2 ./Core/Src/stm32f4xx_it.o
                0x08002ae0                MemManage_Handler
 .text.BusFault_Handler
                0x08002ae2        0x2 ./Core/Src/stm32f4xx_it.o
                0x08002ae2                BusFault_Handler
 .text.UsageFault_Handler
                0x08002ae4        0x2 ./Core/Src/stm32f4xx_it.o
                0x08002ae4                UsageFault_Handler
 .text.SVC_Handler
                0x08002ae6        0x2 ./Core/Src/stm32f4xx_it.o
                0x08002ae6                SVC_Handler
 .text.DebugMon_Handler
                0x08002ae8        0x2 ./Core/Src/stm32f4xx_it.o
                0x08002ae8                DebugMon_Handler
 .text.PendSV_Handler
                0x08002aea        0x2 ./Core/Src/stm32f4xx_it.o
                0x08002aea                PendSV_Handler
 .text.SysTick_Handler
                0x08002aec        0x8 ./Core/Src/stm32f4xx_it.o
                0x08002aec                SysTick_Handler
 .text.EXTI9_5_IRQHandler
                0x08002af4        0xa ./Core/Src/stm32f4xx_it.o
                0x08002af4                EXTI9_5_IRQHandler
 *fill*         0x08002afe        0x2 
 .text.USART2_IRQHandler
                0x08002b00       0x10 ./Core/Src/stm32f4xx_it.o
                0x08002b00                USART2_IRQHandler
 .text.DMA2_Stream3_IRQHandler
                0x08002b10       0x10 ./Core/Src/stm32f4xx_it.o
                0x08002b10                DMA2_Stream3_IRQHandler
 .text._getpid  0x08002b20        0x4 ./Core/Src/syscalls.o
                0x08002b20                _getpid
 .text._kill    0x08002b24       0x10 ./Core/Src/syscalls.o
                0x08002b24                _kill
 .text._exit    0x08002b34        0xc ./Core/Src/syscalls.o
                0x08002b34                _exit
 .text._read    0x08002b40       0x20 ./Core/Src/syscalls.o
                0x08002b40                _read
 .text._write   0x08002b60       0x1c ./Core/Src/syscalls.o
                0x08002b60                _write
 .text._close   0x08002b7c        0x6 ./Core/Src/syscalls.o
                0x08002b7c                _close
 .text._fstat   0x08002b82        0xa ./Core/Src/syscalls.o
                0x08002b82                _fstat
 .text._isatty  0x08002b8c        0x4 ./Core/Src/syscalls.o
                0x08002b8c                _isatty
 .text._lseek   0x08002b90        0x4 ./Core/Src/syscalls.o
                0x08002b90                _lseek
 .text._sbrk    0x08002b94       0x48 ./Core/Src/sysmem.o
                0x08002b94                _sbrk
 .text.SystemInit
                0x08002bdc       0x14 ./Core/Src/system_stm32f4xx.o
                0x08002bdc                SystemInit
 .text.MX_TIM2_Init
                0x08002bf0       0x6c ./Core/Src/tim.o
                0x08002bf0                MX_TIM2_Init
 .text.MX_TIM4_Init
                0x08002c5c       0x6c ./Core/Src/tim.o
                0x08002c5c                MX_TIM4_Init
 .text.HAL_TIM_Base_MspInit
                0x08002cc8       0x50 ./Core/Src/tim.o
                0x08002cc8                HAL_TIM_Base_MspInit
 .text.MX_USART2_UART_Init
                0x08002d18       0x34 ./Core/Src/usart.o
                0x08002d18                MX_USART2_UART_Init
 .text.HAL_UART_MspInit
                0x08002d4c       0x7c ./Core/Src/usart.o
                0x08002d4c                HAL_UART_MspInit
 .text.Reset_Handler
                0x08002dc8       0x50 ./Core/Startup/startup_stm32f407vetx.o
                0x08002dc8                Reset_Handler
 .text.Default_Handler
                0x08002e18        0x2 ./Core/Startup/startup_stm32f407vetx.o
                0x08002e18                RTC_Alarm_IRQHandler
                0x08002e18                HASH_RNG_IRQHandler
                0x08002e18                EXTI2_IRQHandler
                0x08002e18                TIM8_CC_IRQHandler
                0x08002e18                TIM1_CC_IRQHandler
                0x08002e18                DMA2_Stream5_IRQHandler
                0x08002e18                DMA1_Stream5_IRQHandler
                0x08002e18                PVD_IRQHandler
                0x08002e18                SDIO_IRQHandler
                0x08002e18                TAMP_STAMP_IRQHandler
                0x08002e18                CAN2_RX1_IRQHandler
                0x08002e18                EXTI3_IRQHandler
                0x08002e18                TIM8_TRG_COM_TIM14_IRQHandler
                0x08002e18                TIM1_UP_TIM10_IRQHandler
                0x08002e18                TIM8_UP_TIM13_IRQHandler
                0x08002e18                I2C3_ER_IRQHandler
                0x08002e18                EXTI0_IRQHandler
                0x08002e18                I2C2_EV_IRQHandler
                0x08002e18                DMA1_Stream2_IRQHandler
                0x08002e18                CAN1_RX0_IRQHandler
                0x08002e18                FPU_IRQHandler
                0x08002e18                OTG_HS_WKUP_IRQHandler
                0x08002e18                CAN2_SCE_IRQHandler
                0x08002e18                DMA2_Stream2_IRQHandler
                0x08002e18                SPI1_IRQHandler
                0x08002e18                TIM6_DAC_IRQHandler
                0x08002e18                TIM1_BRK_TIM9_IRQHandler
                0x08002e18                DCMI_IRQHandler
                0x08002e18                CAN2_RX0_IRQHandler
                0x08002e18                USART6_IRQHandler
                0x08002e18                USART3_IRQHandler
                0x08002e18                CAN1_RX1_IRQHandler
                0x08002e18                UART5_IRQHandler
                0x08002e18                DMA2_Stream0_IRQHandler
                0x08002e18                TIM4_IRQHandler
                0x08002e18                I2C1_EV_IRQHandler
                0x08002e18                DMA1_Stream6_IRQHandler
                0x08002e18                DMA1_Stream1_IRQHandler
                0x08002e18                UART4_IRQHandler
                0x08002e18                TIM3_IRQHandler
                0x08002e18                RCC_IRQHandler
                0x08002e18                TIM8_BRK_TIM12_IRQHandler
                0x08002e18                Default_Handler
                0x08002e18                EXTI15_10_IRQHandler
                0x08002e18                ADC_IRQHandler
                0x08002e18                DMA1_Stream7_IRQHandler
                0x08002e18                TIM7_IRQHandler
                0x08002e18                CAN2_TX_IRQHandler
                0x08002e18                TIM5_IRQHandler
                0x08002e18                DMA2_Stream7_IRQHandler
                0x08002e18                I2C3_EV_IRQHandler
                0x08002e18                RTC_WKUP_IRQHandler
                0x08002e18                ETH_WKUP_IRQHandler
                0x08002e18                SPI2_IRQHandler
                0x08002e18                OTG_HS_EP1_IN_IRQHandler
                0x08002e18                DMA1_Stream0_IRQHandler
                0x08002e18                CAN1_TX_IRQHandler
                0x08002e18                EXTI4_IRQHandler
                0x08002e18                FSMC_IRQHandler
                0x08002e18                ETH_IRQHandler
                0x08002e18                OTG_HS_EP1_OUT_IRQHandler
                0x08002e18                WWDG_IRQHandler
                0x08002e18                TIM2_IRQHandler
                0x08002e18                OTG_FS_WKUP_IRQHandler
                0x08002e18                TIM1_TRG_COM_TIM11_IRQHandler
                0x08002e18                OTG_HS_IRQHandler
                0x08002e18                EXTI1_IRQHandler
                0x08002e18                I2C2_ER_IRQHandler
                0x08002e18                DMA2_Stream1_IRQHandler
                0x08002e18                CAN1_SCE_IRQHandler
                0x08002e18                FLASH_IRQHandler
                0x08002e18                DMA2_Stream4_IRQHandler
                0x08002e18                USART1_IRQHandler
                0x08002e18                OTG_FS_IRQHandler
                0x08002e18                SPI3_IRQHandler
                0x08002e18                DMA1_Stream4_IRQHandler
                0x08002e18                I2C1_ER_IRQHandler
                0x08002e18                DMA2_Stream6_IRQHandler
                0x08002e18                DMA1_Stream3_IRQHandler
 *fill*         0x08002e1a        0x2 
 .text.HAL_InitTick
                0x08002e1c       0x4c ./Drivers/STM32F4xx_HAL_Driver/Src/stm32f4xx_hal.o
                0x08002e1c                HAL_InitTick
 .text.HAL_Init
                0x08002e68       0x34 ./Drivers/STM32F4xx_HAL_Driver/Src/stm32f4xx_hal.o
                0x08002e68                HAL_Init
 .text.HAL_IncTick
                0x08002e9c       0x18 ./Drivers/STM32F4xx_HAL_Driver/Src/stm32f4xx_hal.o
                0x08002e9c                HAL_IncTick
 .text.HAL_GetTick
                0x08002eb4        0xc ./Drivers/STM32F4xx_HAL_Driver/Src/stm32f4xx_hal.o
                0x08002eb4                HAL_GetTick
 .text.HAL_Delay
                0x08002ec0       0x28 ./Drivers/STM32F4xx_HAL_Driver/Src/stm32f4xx_hal.o
                0x08002ec0                HAL_Delay
 .text.ADC_Init
                0x08002ee8      0x134 ./Drivers/STM32F4xx_HAL_Driver/Src/stm32f4xx_hal_adc.o
 .text.HAL_ADC_Init
                0x0800301c       0x56 ./Drivers/STM32F4xx_HAL_Driver/Src/stm32f4xx_hal_adc.o
                0x0800301c                HAL_ADC_Init
 *fill*         0x08003072        0x2 
 .text.HAL_ADC_Start
                0x08003074      0x144 ./Drivers/STM32F4xx_HAL_Driver/Src/stm32f4xx_hal_adc.o
                0x08003074                HAL_ADC_Start
 .text.HAL_ADC_Stop
                0x080031b8       0x40 ./Drivers/STM32F4xx_HAL_Driver/Src/stm32f4xx_hal_adc.o
                0x080031b8                HAL_ADC_Stop
 .text.HAL_ADC_PollForConversion
                0x080031f8       0xb8 ./Drivers/STM32F4xx_HAL_Driver/Src/stm32f4xx_hal_adc.o
                0x080031f8                HAL_ADC_PollForConversion
 .text.HAL_ADC_GetValue
                0x080032b0        0x6 ./Drivers/STM32F4xx_HAL_Driver/Src/stm32f4xx_hal_adc.o
                0x080032b0                HAL_ADC_GetValue
 *fill*         0x080032b6        0x2 
 .text.HAL_ADC_ConfigChannel
                0x080032b8      0x194 ./Drivers/STM32F4xx_HAL_Driver/Src/stm32f4xx_hal_adc.o
                0x080032b8                HAL_ADC_ConfigChannel
 .text.__NVIC_EnableIRQ
                0x0800344c       0x1c ./Drivers/STM32F4xx_HAL_Driver/Src/stm32f4xx_hal_cortex.o
 .text.__NVIC_SetPriority
                0x08003468       0x28 ./Drivers/STM32F4xx_HAL_Driver/Src/stm32f4xx_hal_cortex.o
 .text.NVIC_EncodePriority
                0x08003490       0x3e ./Drivers/STM32F4xx_HAL_Driver/Src/stm32f4xx_hal_cortex.o
 *fill*         0x080034ce        0x2 
 .text.HAL_NVIC_SetPriorityGrouping
                0x080034d0       0x24 ./Drivers/STM32F4xx_HAL_Driver/Src/stm32f4xx_hal_cortex.o
                0x080034d0                HAL_NVIC_SetPriorityGrouping
 .text.HAL_NVIC_SetPriority
                0x080034f4       0x20 ./Drivers/STM32F4xx_HAL_Driver/Src/stm32f4xx_hal_cortex.o
                0x080034f4                HAL_NVIC_SetPriority
 .text.HAL_NVIC_EnableIRQ
                0x08003514        0x8 ./Drivers/STM32F4xx_HAL_Driver/Src/stm32f4xx_hal_cortex.o
                0x08003514                HAL_NVIC_EnableIRQ
 .text.HAL_SYSTICK_Config
                0x0800351c       0x28 ./Drivers/STM32F4xx_HAL_Driver/Src/stm32f4xx_hal_cortex.o
                0x0800351c                HAL_SYSTICK_Config
 .text.DMA_SetConfig
                0x08003544       0x2c ./Drivers/STM32F4xx_HAL_Driver/Src/stm32f4xx_hal_dma.o
 .text.DMA_CalcBaseAndBitshift
                0x08003570       0x44 ./Drivers/STM32F4xx_HAL_Driver/Src/stm32f4xx_hal_dma.o
 .text.DMA_CheckFifoParam
                0x080035b4       0x8e ./Drivers/STM32F4xx_HAL_Driver/Src/stm32f4xx_hal_dma.o
 *fill*         0x08003642        0x2 
 .text.HAL_DMA_Init
                0x08003644       0xcc ./Drivers/STM32F4xx_HAL_Driver/Src/stm32f4xx_hal_dma.o
                0x08003644                HAL_DMA_Init
 .text.HAL_DMA_Start_IT
                0x08003710       0x6a ./Drivers/STM32F4xx_HAL_Driver/Src/stm32f4xx_hal_dma.o
                0x08003710                HAL_DMA_Start_IT
 .text.HAL_DMA_Abort
                0x0800377a       0x94 ./Drivers/STM32F4xx_HAL_Driver/Src/stm32f4xx_hal_dma.o
                0x0800377a                HAL_DMA_Abort
 .text.HAL_DMA_Abort_IT
                0x0800380e       0x26 ./Drivers/STM32F4xx_HAL_Driver/Src/stm32f4xx_hal_dma.o
                0x0800380e                HAL_DMA_Abort_IT
 .text.HAL_DMA_IRQHandler
                0x08003834      0x1dc ./Drivers/STM32F4xx_HAL_Driver/Src/stm32f4xx_hal_dma.o
                0x08003834                HAL_DMA_IRQHandler
 .text.HAL_DMA_GetError
                0x08003a10        0x4 ./Drivers/STM32F4xx_HAL_Driver/Src/stm32f4xx_hal_dma.o
                0x08003a10                HAL_DMA_GetError
 .text.HAL_GPIO_Init
                0x08003a14      0x1ec ./Drivers/STM32F4xx_HAL_Driver/Src/stm32f4xx_hal_gpio.o
                0x08003a14                HAL_GPIO_Init
 .text.HAL_GPIO_ReadPin
                0x08003c00        0xe ./Drivers/STM32F4xx_HAL_Driver/Src/stm32f4xx_hal_gpio.o
                0x08003c00                HAL_GPIO_ReadPin
 .text.HAL_GPIO_WritePin
                0x08003c0e        0xc ./Drivers/STM32F4xx_HAL_Driver/Src/stm32f4xx_hal_gpio.o
                0x08003c0e                HAL_GPIO_WritePin
 *fill*         0x08003c1a        0x2 
 .text.HAL_GPIO_EXTI_IRQHandler
                0x08003c1c       0x1c ./Drivers/STM32F4xx_HAL_Driver/Src/stm32f4xx_hal_gpio.o
                0x08003c1c                HAL_GPIO_EXTI_IRQHandler
 .text.HAL_RCC_OscConfig
                0x08003c38      0x3f8 ./Drivers/STM32F4xx_HAL_Driver/Src/stm32f4xx_hal_rcc.o
                0x08003c38                HAL_RCC_OscConfig
 .text.HAL_RCC_GetSysClockFreq
                0x08004030       0xdc ./Drivers/STM32F4xx_HAL_Driver/Src/stm32f4xx_hal_rcc.o
                0x08004030                HAL_RCC_GetSysClockFreq
 .text.HAL_RCC_ClockConfig
                0x0800410c      0x160 ./Drivers/STM32F4xx_HAL_Driver/Src/stm32f4xx_hal_rcc.o
                0x0800410c                HAL_RCC_ClockConfig
 .text.HAL_RCC_GetHCLKFreq
                0x0800426c        0xc ./Drivers/STM32F4xx_HAL_Driver/Src/stm32f4xx_hal_rcc.o
                0x0800426c                HAL_RCC_GetHCLKFreq
 .text.HAL_RCC_GetPCLK1Freq
                0x08004278       0x20 ./Drivers/STM32F4xx_HAL_Driver/Src/stm32f4xx_hal_rcc.o
                0x08004278                HAL_RCC_GetPCLK1Freq
 .text.HAL_RCC_GetPCLK2Freq
                0x08004298       0x20 ./Drivers/STM32F4xx_HAL_Driver/Src/stm32f4xx_hal_rcc.o
                0x08004298                HAL_RCC_GetPCLK2Freq
 .text.HAL_RCCEx_PeriphCLKConfig
                0x080042b8      0x154 ./Drivers/STM32F4xx_HAL_Driver/Src/stm32f4xx_hal_rcc_ex.o
                0x080042b8                HAL_RCCEx_PeriphCLKConfig
 .text.HAL_RTC_WaitForSynchro
                0x0800440c       0x34 ./Drivers/STM32F4xx_HAL_Driver/Src/stm32f4xx_hal_rtc.o
                0x0800440c                HAL_RTC_WaitForSynchro
 .text.RTC_EnterInitMode
                0x08004440       0x46 ./Drivers/STM32F4xx_HAL_Driver/Src/stm32f4xx_hal_rtc.o
                0x08004440                RTC_EnterInitMode
 .text.RTC_ExitInitMode
                0x08004486       0x2a ./Drivers/STM32F4xx_HAL_Driver/Src/stm32f4xx_hal_rtc.o
                0x08004486                RTC_ExitInitMode
 .text.HAL_RTC_Init
                0x080044b0       0x9e ./Drivers/STM32F4xx_HAL_Driver/Src/stm32f4xx_hal_rtc.o
                0x080044b0                HAL_RTC_Init
 .text.RTC_ByteToBcd2
                0x0800454e       0x16 ./Drivers/STM32F4xx_HAL_Driver/Src/stm32f4xx_hal_rtc.o
                0x0800454e                RTC_ByteToBcd2
 .text.HAL_RTC_SetTime
                0x08004564       0xc0 ./Drivers/STM32F4xx_HAL_Driver/Src/stm32f4xx_hal_rtc.o
                0x08004564                HAL_RTC_SetTime
 .text.HAL_RTC_SetDate
                0x08004624       0x9c ./Drivers/STM32F4xx_HAL_Driver/Src/stm32f4xx_hal_rtc.o
                0x08004624                HAL_RTC_SetDate
 .text.RTC_Bcd2ToByte
                0x080046c0       0x12 ./Drivers/STM32F4xx_HAL_Driver/Src/stm32f4xx_hal_rtc.o
                0x080046c0                RTC_Bcd2ToByte
 .text.HAL_RTC_GetTime
                0x080046d2       0x4c ./Drivers/STM32F4xx_HAL_Driver/Src/stm32f4xx_hal_rtc.o
                0x080046d2                HAL_RTC_GetTime
 .text.HAL_RTC_GetDate
                0x0800471e       0x3c ./Drivers/STM32F4xx_HAL_Driver/Src/stm32f4xx_hal_rtc.o
                0x0800471e                HAL_RTC_GetDate
 *fill*         0x0800475a        0x2 
 .text.SD_PowerON
                0x0800475c       0xc0 ./Drivers/STM32F4xx_HAL_Driver/Src/stm32f4xx_hal_sd.o
 .text.SD_FindSCR
                0x0800481c      0x108 ./Drivers/STM32F4xx_HAL_Driver/Src/stm32f4xx_hal_sd.o
 .text.SD_WideBus_Enable
                0x08004924       0x4e ./Drivers/STM32F4xx_HAL_Driver/Src/stm32f4xx_hal_sd.o
 .text.SD_WideBus_Disable
                0x08004972       0x4e ./Drivers/STM32F4xx_HAL_Driver/Src/stm32f4xx_hal_sd.o
 .text.SD_SendStatus
                0x080049c0       0x2c ./Drivers/STM32F4xx_HAL_Driver/Src/stm32f4xx_hal_sd.o
 .text.HAL_SD_ReadBlocks
                0x080049ec      0x250 ./Drivers/STM32F4xx_HAL_Driver/Src/stm32f4xx_hal_sd.o
                0x080049ec                HAL_SD_ReadBlocks
 .text.HAL_SD_WriteBlocks
                0x08004c3c      0x20c ./Drivers/STM32F4xx_HAL_Driver/Src/stm32f4xx_hal_sd.o
                0x08004c3c                HAL_SD_WriteBlocks
 .text.HAL_SD_ReadBlocks_DMA
                0x08004e48      0x138 ./Drivers/STM32F4xx_HAL_Driver/Src/stm32f4xx_hal_sd.o
                0x08004e48                HAL_SD_ReadBlocks_DMA
 .text.HAL_SD_GetState
                0x08004f80        0x6 ./Drivers/STM32F4xx_HAL_Driver/Src/stm32f4xx_hal_sd.o
                0x08004f80                HAL_SD_GetState
 .text.HAL_SD_ErrorCallback
                0x08004f86        0x2 ./Drivers/STM32F4xx_HAL_Driver/Src/stm32f4xx_hal_sd.o
                0x08004f86                HAL_SD_ErrorCallback
 .text.SD_DMAReceiveCplt
                0x08004f88       0x48 ./Drivers/STM32F4xx_HAL_Driver/Src/stm32f4xx_hal_sd.o
 .text.HAL_SD_GetCardCSD
                0x08004fd0      0x1b8 ./Drivers/STM32F4xx_HAL_Driver/Src/stm32f4xx_hal_sd.o
                0x08004fd0                HAL_SD_GetCardCSD
 .text.SD_InitCard
                0x08005188      0x100 ./Drivers/STM32F4xx_HAL_Driver/Src/stm32f4xx_hal_sd.o
 .text.HAL_SD_InitCard
                0x08005288       0xa8 ./Drivers/STM32F4xx_HAL_Driver/Src/stm32f4xx_hal_sd.o
                0x08005288                HAL_SD_InitCard
 .text.HAL_SD_Init
                0x08005330       0x36 ./Drivers/STM32F4xx_HAL_Driver/Src/stm32f4xx_hal_sd.o
                0x08005330                HAL_SD_Init
 .text.HAL_SD_GetCardInfo
                0x08005366       0x24 ./Drivers/STM32F4xx_HAL_Driver/Src/stm32f4xx_hal_sd.o
                0x08005366                HAL_SD_GetCardInfo
 *fill*         0x0800538a        0x2 
 .text.HAL_SD_ConfigWideBusOperation
                0x0800538c       0xc0 ./Drivers/STM32F4xx_HAL_Driver/Src/stm32f4xx_hal_sd.o
                0x0800538c                HAL_SD_ConfigWideBusOperation
 .text.HAL_SD_GetCardState
                0x0800544c       0x22 ./Drivers/STM32F4xx_HAL_Driver/Src/stm32f4xx_hal_sd.o
                0x0800544c                HAL_SD_GetCardState
 *fill*         0x0800546e        0x2 
 .text.SD_DMAError
                0x08005470       0x68 ./Drivers/STM32F4xx_HAL_Driver/Src/stm32f4xx_hal_sd.o
 .text.SPI_WaitFlagStateUntilTimeout
                0x080054d8       0xc8 ./Drivers/STM32F4xx_HAL_Driver/Src/stm32f4xx_hal_spi.o
 .text.SPI_EndRxTxTransaction
                0x080055a0       0x80 ./Drivers/STM32F4xx_HAL_Driver/Src/stm32f4xx_hal_spi.o
 .text.HAL_SPI_Init
                0x08005620       0xbe ./Drivers/STM32F4xx_HAL_Driver/Src/stm32f4xx_hal_spi.o
                0x08005620                HAL_SPI_Init
 .text.HAL_SPI_Transmit
                0x080056de      0x1b8 ./Drivers/STM32F4xx_HAL_Driver/Src/stm32f4xx_hal_spi.o
                0x080056de                HAL_SPI_Transmit
 .text.HAL_SPI_TransmitReceive
                0x08005896      0x244 ./Drivers/STM32F4xx_HAL_Driver/Src/stm32f4xx_hal_spi.o
                0x08005896                HAL_SPI_TransmitReceive
 .text.HAL_SRAM_Init
                0x08005ada       0x58 ./Drivers/STM32F4xx_HAL_Driver/Src/stm32f4xx_hal_sram.o
                0x08005ada                HAL_SRAM_Init
 .text.TIM_TI1_ConfigInputStage
                0x08005b32       0x26 ./Drivers/STM32F4xx_HAL_Driver/Src/stm32f4xx_hal_tim.o
 .text.TIM_TI2_ConfigInputStage
                0x08005b58       0x28 ./Drivers/STM32F4xx_HAL_Driver/Src/stm32f4xx_hal_tim.o
 .text.TIM_ITRx_SetConfig
                0x08005b80       0x10 ./Drivers/STM32F4xx_HAL_Driver/Src/stm32f4xx_hal_tim.o
 .text.TIM_Base_SetConfig
                0x08005b90       0xd8 ./Drivers/STM32F4xx_HAL_Driver/Src/stm32f4xx_hal_tim.o
                0x08005b90                TIM_Base_SetConfig
 .text.HAL_TIM_Base_Init
                0x08005c68       0x58 ./Drivers/STM32F4xx_HAL_Driver/Src/stm32f4xx_hal_tim.o
                0x08005c68                HAL_TIM_Base_Init
 .text.TIM_ETR_SetConfig
                0x08005cc0       0x1a ./Drivers/STM32F4xx_HAL_Driver/Src/stm32f4xx_hal_tim.o
                0x08005cc0                TIM_ETR_SetConfig
 .text.HAL_TIM_ConfigClockSource
                0x08005cda       0xfe ./Drivers/STM32F4xx_HAL_Driver/Src/stm32f4xx_hal_tim.o
                0x08005cda                HAL_TIM_ConfigClockSource
 .text.HAL_TIMEx_MasterConfigSynchronization
                0x08005dd8       0x8c ./Drivers/STM32F4xx_HAL_Driver/Src/stm32f4xx_hal_tim_ex.o
                0x08005dd8                HAL_TIMEx_MasterConfigSynchronization
 .text.UART_EndRxTransfer
                0x08005e64       0x5c ./Drivers/STM32F4xx_HAL_Driver/Src/stm32f4xx_hal_uart.o
 .text.UART_Transmit_IT
                0x08005ec0       0x60 ./Drivers/STM32F4xx_HAL_Driver/Src/stm32f4xx_hal_uart.o
 .text.UART_SetConfig
                0x08005f20      0x110 ./Drivers/STM32F4xx_HAL_Driver/Src/stm32f4xx_hal_uart.o
 .text.HAL_UART_Init
                0x08006030       0x60 ./Drivers/STM32F4xx_HAL_Driver/Src/stm32f4xx_hal_uart.o
                0x08006030                HAL_UART_Init
 .text.HAL_UART_TxCpltCallback
                0x08006090        0x2 ./Drivers/STM32F4xx_HAL_Driver/Src/stm32f4xx_hal_uart.o
                0x08006090                HAL_UART_TxCpltCallback
 .text.UART_EndTransmit_IT
                0x08006092       0x1a ./Drivers/STM32F4xx_HAL_Driver/Src/stm32f4xx_hal_uart.o
 .text.HAL_UART_ErrorCallback
                0x080060ac        0x2 ./Drivers/STM32F4xx_HAL_Driver/Src/stm32f4xx_hal_uart.o
                0x080060ac                HAL_UART_ErrorCallback
 .text.UART_DMAAbortOnError
                0x080060ae       0x10 ./Drivers/STM32F4xx_HAL_Driver/Src/stm32f4xx_hal_uart.o
 .text.HAL_UARTEx_RxEventCallback
                0x080060be        0x2 ./Drivers/STM32F4xx_HAL_Driver/Src/stm32f4xx_hal_uart.o
                0x080060be                HAL_UARTEx_RxEventCallback
 .text.UART_Receive_IT
                0x080060c0       0xe6 ./Drivers/STM32F4xx_HAL_Driver/Src/stm32f4xx_hal_uart.o
 *fill*         0x080061a6        0x2 
 .text.HAL_UART_IRQHandler
                0x080061a8      0x284 ./Drivers/STM32F4xx_HAL_Driver/Src/stm32f4xx_hal_uart.o
                0x080061a8                HAL_UART_IRQHandler
 .text.UART_Start_Receive_IT
                0x0800642c       0x36 ./Drivers/STM32F4xx_HAL_Driver/Src/stm32f4xx_hal_uart.o
                0x0800642c                UART_Start_Receive_IT
 .text.HAL_UART_Receive_IT
                0x08006462       0x26 ./Drivers/STM32F4xx_HAL_Driver/Src/stm32f4xx_hal_uart.o
                0x08006462                HAL_UART_Receive_IT
 .text.FSMC_NORSRAM_Init
                0x08006488       0x6c ./Drivers/STM32F4xx_HAL_Driver/Src/stm32f4xx_ll_fsmc.o
                0x08006488                FSMC_NORSRAM_Init
 .text.FSMC_NORSRAM_Timing_Init
                0x080064f4       0x44 ./Drivers/STM32F4xx_HAL_Driver/Src/stm32f4xx_ll_fsmc.o
                0x080064f4                FSMC_NORSRAM_Timing_Init
 .text.FSMC_NORSRAM_Extended_Timing_Init
                0x08006538       0x44 ./Drivers/STM32F4xx_HAL_Driver/Src/stm32f4xx_ll_fsmc.o
                0x08006538                FSMC_NORSRAM_Extended_Timing_Init
 .text.SDMMC_GetCmdError
                0x0800657c       0x38 ./Drivers/STM32F4xx_HAL_Driver/Src/stm32f4xx_ll_sdmmc.o
 .text.SDIO_Init
                0x080065b4       0x32 ./Drivers/STM32F4xx_HAL_Driver/Src/stm32f4xx_ll_sdmmc.o
                0x080065b4                SDIO_Init
 .text.SDIO_ReadFIFO
                0x080065e6        0x6 ./Drivers/STM32F4xx_HAL_Driver/Src/stm32f4xx_ll_sdmmc.o
                0x080065e6                SDIO_ReadFIFO
 .text.SDIO_WriteFIFO
                0x080065ec        0xa ./Drivers/STM32F4xx_HAL_Driver/Src/stm32f4xx_ll_sdmmc.o
                0x080065ec                SDIO_WriteFIFO
 .text.SDIO_PowerState_ON
                0x080065f6        0x8 ./Drivers/STM32F4xx_HAL_Driver/Src/stm32f4xx_ll_sdmmc.o
                0x080065f6                SDIO_PowerState_ON
 .text.SDIO_GetPowerState
                0x080065fe        0x8 ./Drivers/STM32F4xx_HAL_Driver/Src/stm32f4xx_ll_sdmmc.o
                0x080065fe                SDIO_GetPowerState
 .text.SDIO_SendCommand
                0x08006606       0x24 ./Drivers/STM32F4xx_HAL_Driver/Src/stm32f4xx_ll_sdmmc.o
                0x08006606                SDIO_SendCommand
 .text.SDIO_GetCommandResponse
                0x0800662a        0x6 ./Drivers/STM32F4xx_HAL_Driver/Src/stm32f4xx_ll_sdmmc.o
                0x0800662a                SDIO_GetCommandResponse
 .text.SDIO_GetResponse
                0x08006630        0x6 ./Drivers/STM32F4xx_HAL_Driver/Src/stm32f4xx_ll_sdmmc.o
                0x08006630                SDIO_GetResponse
 .text.SDIO_ConfigData
                0x08006636       0x24 ./Drivers/STM32F4xx_HAL_Driver/Src/stm32f4xx_ll_sdmmc.o
                0x08006636                SDIO_ConfigData
 .text.SDMMC_CmdGoIdleState
                0x0800665a       0x26 ./Drivers/STM32F4xx_HAL_Driver/Src/stm32f4xx_ll_sdmmc.o
                0x0800665a                SDMMC_CmdGoIdleState
 .text.SDMMC_GetCmdResp1
                0x08006680      0x154 ./Drivers/STM32F4xx_HAL_Driver/Src/stm32f4xx_ll_sdmmc.o
                0x08006680                SDMMC_GetCmdResp1
 .text.SDMMC_CmdBlockLength
                0x080067d4       0x30 ./Drivers/STM32F4xx_HAL_Driver/Src/stm32f4xx_ll_sdmmc.o
                0x080067d4                SDMMC_CmdBlockLength
 .text.SDMMC_CmdReadSingleBlock
                0x08006804       0x30 ./Drivers/STM32F4xx_HAL_Driver/Src/stm32f4xx_ll_sdmmc.o
                0x08006804                SDMMC_CmdReadSingleBlock
 .text.SDMMC_CmdReadMultiBlock
                0x08006834       0x30 ./Drivers/STM32F4xx_HAL_Driver/Src/stm32f4xx_ll_sdmmc.o
                0x08006834                SDMMC_CmdReadMultiBlock
 .text.SDMMC_CmdWriteSingleBlock
                0x08006864       0x30 ./Drivers/STM32F4xx_HAL_Driver/Src/stm32f4xx_ll_sdmmc.o
                0x08006864                SDMMC_CmdWriteSingleBlock
 .text.SDMMC_CmdWriteMultiBlock
                0x08006894       0x30 ./Drivers/STM32F4xx_HAL_Driver/Src/stm32f4xx_ll_sdmmc.o
                0x08006894                SDMMC_CmdWriteMultiBlock
 .text.SDMMC_CmdStopTransfer
                0x080068c4       0x34 ./Drivers/STM32F4xx_HAL_Driver/Src/stm32f4xx_ll_sdmmc.o
                0x080068c4                SDMMC_CmdStopTransfer
 .text.SDMMC_CmdSelDesel
                0x080068f8       0x30 ./Drivers/STM32F4xx_HAL_Driver/Src/stm32f4xx_ll_sdmmc.o
                0x080068f8                SDMMC_CmdSelDesel
 .text.SDMMC_CmdAppCommand
                0x08006928       0x30 ./Drivers/STM32F4xx_HAL_Driver/Src/stm32f4xx_ll_sdmmc.o
                0x08006928                SDMMC_CmdAppCommand
 .text.SDMMC_CmdBusWidth
                0x08006958       0x30 ./Drivers/STM32F4xx_HAL_Driver/Src/stm32f4xx_ll_sdmmc.o
                0x08006958                SDMMC_CmdBusWidth
 .text.SDMMC_CmdSendSCR
                0x08006988       0x30 ./Drivers/STM32F4xx_HAL_Driver/Src/stm32f4xx_ll_sdmmc.o
                0x08006988                SDMMC_CmdSendSCR
 .text.SDMMC_CmdSendStatus
                0x080069b8       0x30 ./Drivers/STM32F4xx_HAL_Driver/Src/stm32f4xx_ll_sdmmc.o
                0x080069b8                SDMMC_CmdSendStatus
 .text.SDMMC_CmdSwitch
                0x080069e8       0x30 ./Drivers/STM32F4xx_HAL_Driver/Src/stm32f4xx_ll_sdmmc.o
                0x080069e8                SDMMC_CmdSwitch
 .text.SDMMC_GetCmdResp2
                0x08006a18       0x5c ./Drivers/STM32F4xx_HAL_Driver/Src/stm32f4xx_ll_sdmmc.o
                0x08006a18                SDMMC_GetCmdResp2
 .text.SDMMC_CmdSendCID
                0x08006a74       0x2a ./Drivers/STM32F4xx_HAL_Driver/Src/stm32f4xx_ll_sdmmc.o
                0x08006a74                SDMMC_CmdSendCID
 .text.SDMMC_CmdSendCSD
                0x08006a9e       0x2a ./Drivers/STM32F4xx_HAL_Driver/Src/stm32f4xx_ll_sdmmc.o
                0x08006a9e                SDMMC_CmdSendCSD
 .text.SDMMC_GetCmdResp3
                0x08006ac8       0x4c ./Drivers/STM32F4xx_HAL_Driver/Src/stm32f4xx_ll_sdmmc.o
                0x08006ac8                SDMMC_GetCmdResp3
 .text.SDMMC_CmdAppOperCommand
                0x08006b14       0x32 ./Drivers/STM32F4xx_HAL_Driver/Src/stm32f4xx_ll_sdmmc.o
                0x08006b14                SDMMC_CmdAppOperCommand
 *fill*         0x08006b46        0x2 
 .text.SDMMC_GetCmdResp6
                0x08006b48       0xa0 ./Drivers/STM32F4xx_HAL_Driver/Src/stm32f4xx_ll_sdmmc.o
                0x08006b48                SDMMC_GetCmdResp6
 .text.SDMMC_CmdSetRelAdd
                0x08006be8       0x30 ./Drivers/STM32F4xx_HAL_Driver/Src/stm32f4xx_ll_sdmmc.o
                0x08006be8                SDMMC_CmdSetRelAdd
 .text.SDMMC_GetCmdResp7
                0x08006c18       0x64 ./Drivers/STM32F4xx_HAL_Driver/Src/stm32f4xx_ll_sdmmc.o
                0x08006c18                SDMMC_GetCmdResp7
 .text.SDMMC_CmdOperCond
                0x08006c7c       0x2e ./Drivers/STM32F4xx_HAL_Driver/Src/stm32f4xx_ll_sdmmc.o
                0x08006c7c                SDMMC_CmdOperCond
 *fill*         0x08006caa        0x2 
 .text.MX_FATFS_Init
                0x08006cac       0x1c ./FATFS/App/fatfs.o
                0x08006cac                MX_FATFS_Init
 .text.get_fattime
                0x08006cc8        0x4 ./FATFS/App/fatfs.o
                0x08006cc8                get_fattime
 .text.BSP_SD_ReadBlocks
                0x08006ccc       0x20 ./FATFS/Target/bsp_driver_sd.o
                0x08006ccc                BSP_SD_ReadBlocks
 .text.BSP_SD_WriteBlocks
                0x08006cec       0x20 ./FATFS/Target/bsp_driver_sd.o
                0x08006cec                BSP_SD_WriteBlocks
 .text.BSP_SD_GetCardState
                0x08006d0c       0x14 ./FATFS/Target/bsp_driver_sd.o
                0x08006d0c                BSP_SD_GetCardState
 .text.BSP_SD_GetCardInfo
                0x08006d20       0x10 ./FATFS/Target/bsp_driver_sd.o
                0x08006d20                BSP_SD_GetCardInfo
 .text.BSP_SD_ReadCpltCallback
                0x08006d30        0x2 ./FATFS/Target/bsp_driver_sd.o
                0x08006d30                BSP_SD_ReadCpltCallback
 .text.HAL_SD_RxCpltCallback
                0x08006d32        0x8 ./FATFS/Target/bsp_driver_sd.o
                0x08006d32                HAL_SD_RxCpltCallback
 .text.BSP_SD_IsDetected
                0x08006d3a       0x10 ./FATFS/Target/bsp_driver_sd.o
                0x08006d3a                BSP_SD_IsDetected
 *fill*         0x08006d4a        0x2 
 .text.BSP_SD_Init
                0x08006d4c       0x1c ./FATFS/Target/bsp_driver_sd.o
                0x08006d4c                BSP_SD_Init
 .text.SD_CheckStatus
                0x08006d68       0x24 ./FATFS/Target/sd_diskio.o
 .text.SD_initialize
                0x08006d8c       0x28 ./FATFS/Target/sd_diskio.o
                0x08006d8c                SD_initialize
 .text.SD_status
                0x08006db4        0x8 ./FATFS/Target/sd_diskio.o
                0x08006db4                SD_status
 .text.SD_read  0x08006dbc       0x24 ./FATFS/Target/sd_diskio.o
                0x08006dbc                SD_read
 .text.SD_write
                0x08006de0       0x24 ./FATFS/Target/sd_diskio.o
                0x08006de0                SD_write
 .text.SD_ioctl
                0x08006e04       0x58 ./FATFS/Target/sd_diskio.o
                0x08006e04                SD_ioctl
 .text.disk_status
                0x08006e5c       0x18 ./Middlewares/Third_Party/FatFs/src/diskio.o
                0x08006e5c                disk_status
 .text.disk_initialize
                0x08006e74       0x2c ./Middlewares/Third_Party/FatFs/src/diskio.o
                0x08006e74                disk_initialize
 .text.disk_read
                0x08006ea0       0x18 ./Middlewares/Third_Party/FatFs/src/diskio.o
                0x08006ea0                disk_read
 .text.disk_write
                0x08006eb8       0x18 ./Middlewares/Third_Party/FatFs/src/diskio.o
                0x08006eb8                disk_write
 .text.disk_ioctl
                0x08006ed0       0x18 ./Middlewares/Third_Party/FatFs/src/diskio.o
                0x08006ed0                disk_ioctl
 .text.ld_word  0x08006ee8        0xa ./Middlewares/Third_Party/FatFs/src/ff.o
 .text.ld_dword
                0x08006ef2       0x16 ./Middlewares/Third_Party/FatFs/src/ff.o
 .text.st_word  0x08006f08        0x8 ./Middlewares/Third_Party/FatFs/src/ff.o
 .text.st_dword
                0x08006f10       0x14 ./Middlewares/Third_Party/FatFs/src/ff.o
 .text.mem_cpy  0x08006f24       0x14 ./Middlewares/Third_Party/FatFs/src/ff.o
 .text.mem_set  0x08006f38        0xa ./Middlewares/Third_Party/FatFs/src/ff.o
 .text.mem_cmp  0x08006f42       0x1a ./Middlewares/Third_Party/FatFs/src/ff.o
 .text.chk_chr  0x08006f5c       0x10 ./Middlewares/Third_Party/FatFs/src/ff.o
 .text.chk_lock
                0x08006f6c       0x74 ./Middlewares/Third_Party/FatFs/src/ff.o
 .text.enq_lock
                0x08006fe0       0x20 ./Middlewares/Third_Party/FatFs/src/ff.o
 .text.inc_lock
                0x08007000       0xa0 ./Middlewares/Third_Party/FatFs/src/ff.o
 .text.dec_lock
                0x080070a0       0x40 ./Middlewares/Third_Party/FatFs/src/ff.o
 .text.clear_lock
                0x080070e0       0x3c ./Middlewares/Third_Party/FatFs/src/ff.o
 .text.clust2sect
                0x0800711c       0x18 ./Middlewares/Third_Party/FatFs/src/ff.o
 .text.ld_clust
                0x08007134       0x26 ./Middlewares/Third_Party/FatFs/src/ff.o
 .text.st_clust
                0x0800715a       0x26 ./Middlewares/Third_Party/FatFs/src/ff.o
 .text.create_name
                0x08007180       0xcc ./Middlewares/Third_Party/FatFs/src/ff.o
 .text.get_ldnumber
                0x0800724c       0x54 ./Middlewares/Third_Party/FatFs/src/ff.o
 .text.validate
                0x080072a0       0x46 ./Middlewares/Third_Party/FatFs/src/ff.o
 .text.sync_window
                0x080072e6       0x54 ./Middlewares/Third_Party/FatFs/src/ff.o
 .text.move_window
                0x0800733a       0x36 ./Middlewares/Third_Party/FatFs/src/ff.o
 .text.check_fs
                0x08007370       0x78 ./Middlewares/Third_Party/FatFs/src/ff.o
 .text.find_volume
                0x080073e8      0x34c ./Middlewares/Third_Party/FatFs/src/ff.o
 .text.put_fat  0x08007734      0x13c ./Middlewares/Third_Party/FatFs/src/ff.o
 .text.get_fat  0x08007870       0xfc ./Middlewares/Third_Party/FatFs/src/ff.o
 .text.dir_sdi  0x0800796c       0xc0 ./Middlewares/Third_Party/FatFs/src/ff.o
 .text.create_chain
                0x08007a2c       0xcc ./Middlewares/Third_Party/FatFs/src/ff.o
 .text.remove_chain
                0x08007af8       0x7e ./Middlewares/Third_Party/FatFs/src/ff.o
 .text.dir_next
                0x08007b76      0x118 ./Middlewares/Third_Party/FatFs/src/ff.o
 .text.dir_find
                0x08007c8e       0x5a ./Middlewares/Third_Party/FatFs/src/ff.o
 .text.follow_path
                0x08007ce8       0x92 ./Middlewares/Third_Party/FatFs/src/ff.o
 .text.dir_alloc
                0x08007d7a       0x50 ./Middlewares/Third_Party/FatFs/src/ff.o
 .text.dir_register
                0x08007dca       0x3e ./Middlewares/Third_Party/FatFs/src/ff.o
 .text.sync_fs  0x08007e08       0x88 ./Middlewares/Third_Party/FatFs/src/ff.o
 .text.f_mount  0x08007e90       0x5c ./Middlewares/Third_Party/FatFs/src/ff.o
                0x08007e90                f_mount
 .text.f_open   0x08007eec      0x22a ./Middlewares/Third_Party/FatFs/src/ff.o
                0x08007eec                f_open
 .text.f_sync   0x08008116       0x98 ./Middlewares/Third_Party/FatFs/src/ff.o
                0x08008116                f_sync
 .text.f_close  0x080081ae       0x2a ./Middlewares/Third_Party/FatFs/src/ff.o
                0x080081ae                f_close
 .text.FATFS_LinkDriverEx
                0x080081d8       0x54 ./Middlewares/Third_Party/FatFs/src/ff_gen_drv.o
                0x080081d8                FATFS_LinkDriverEx
 .text.FATFS_LinkDriver
                0x0800822c        0xa ./Middlewares/Third_Party/FatFs/src/ff_gen_drv.o
                0x0800822c                FATFS_LinkDriver
 .text.atof     0x08008236        0x6 C:/ST/STM32CubeIDE_1.15.0/STM32CubeIDE/plugins/com.st.stm32cube.ide.mcu.externaltools.gnu-tools-for-stm32.12.3.rel1.win32_1.0.100.202403111256/tools/bin/../lib/gcc/arm-none-eabi/12.3.1/../../../../arm-none-eabi/lib/thumb/v7e-m+fp/hard\libc_nano.a(libc_a-atof.o)
                0x08008236                atof
 .text.sulp     0x0800823c       0x3c C:/ST/STM32CubeIDE_1.15.0/STM32CubeIDE/plugins/com.st.stm32cube.ide.mcu.externaltools.gnu-tools-for-stm32.12.3.rel1.win32_1.0.100.202403111256/tools/bin/../lib/gcc/arm-none-eabi/12.3.1/../../../../arm-none-eabi/lib/thumb/v7e-m+fp/hard\libc_nano.a(libc_a-strtod.o)
 .text._strtod_l
                0x08008278      0xbc8 C:/ST/STM32CubeIDE_1.15.0/STM32CubeIDE/plugins/com.st.stm32cube.ide.mcu.externaltools.gnu-tools-for-stm32.12.3.rel1.win32_1.0.100.202403111256/tools/bin/../lib/gcc/arm-none-eabi/12.3.1/../../../../arm-none-eabi/lib/thumb/v7e-m+fp/hard\libc_nano.a(libc_a-strtod.o)
                0x08008278                _strtod_l
 .text._strtod_r
                0x08008e40        0xc C:/ST/STM32CubeIDE_1.15.0/STM32CubeIDE/plugins/com.st.stm32cube.ide.mcu.externaltools.gnu-tools-for-stm32.12.3.rel1.win32_1.0.100.202403111256/tools/bin/../lib/gcc/arm-none-eabi/12.3.1/../../../../arm-none-eabi/lib/thumb/v7e-m+fp/hard\libc_nano.a(libc_a-strtod.o)
                0x08008e40                _strtod_r
 .text.strtod   0x08008e4c       0x18 C:/ST/STM32CubeIDE_1.15.0/STM32CubeIDE/plugins/com.st.stm32cube.ide.mcu.externaltools.gnu-tools-for-stm32.12.3.rel1.win32_1.0.100.202403111256/tools/bin/../lib/gcc/arm-none-eabi/12.3.1/../../../../arm-none-eabi/lib/thumb/v7e-m+fp/hard\libc_nano.a(libc_a-strtod.o)
                0x08008e4c                strtod
 .text.__cvt    0x08008e64       0xca C:/ST/STM32CubeIDE_1.15.0/STM32CubeIDE/plugins/com.st.stm32cube.ide.mcu.externaltools.gnu-tools-for-stm32.12.3.rel1.win32_1.0.100.202403111256/tools/bin/../lib/gcc/arm-none-eabi/12.3.1/../../../../arm-none-eabi/lib/thumb/v7e-m+fp/hard\libc_nano.a(libc_a-nano-vfprintf_float.o)
                0x08008e64                __cvt
 .text.__exponent
                0x08008f2e       0x74 C:/ST/STM32CubeIDE_1.15.0/STM32CubeIDE/plugins/com.st.stm32cube.ide.mcu.externaltools.gnu-tools-for-stm32.12.3.rel1.win32_1.0.100.202403111256/tools/bin/../lib/gcc/arm-none-eabi/12.3.1/../../../../arm-none-eabi/lib/thumb/v7e-m+fp/hard\libc_nano.a(libc_a-nano-vfprintf_float.o)
                0x08008f2e                __exponent
 *fill*         0x08008fa2        0x2 
 .text._printf_float
                0x08008fa4      0x454 C:/ST/STM32CubeIDE_1.15.0/STM32CubeIDE/plugins/com.st.stm32cube.ide.mcu.externaltools.gnu-tools-for-stm32.12.3.rel1.win32_1.0.100.202403111256/tools/bin/../lib/gcc/arm-none-eabi/12.3.1/../../../../arm-none-eabi/lib/thumb/v7e-m+fp/hard\libc_nano.a(libc_a-nano-vfprintf_float.o)
                0x08008fa4                _printf_float
 .text._printf_common
                0x080093f8       0xda C:/ST/STM32CubeIDE_1.15.0/STM32CubeIDE/plugins/com.st.stm32cube.ide.mcu.externaltools.gnu-tools-for-stm32.12.3.rel1.win32_1.0.100.202403111256/tools/bin/../lib/gcc/arm-none-eabi/12.3.1/../../../../arm-none-eabi/lib/thumb/v7e-m+fp/hard\libc_nano.a(libc_a-nano-vfprintf_i.o)
                0x080093f8                _printf_common
 *fill*         0x080094d2        0x2 
 .text._printf_i
                0x080094d4      0x240 C:/ST/STM32CubeIDE_1.15.0/STM32CubeIDE/plugins/com.st.stm32cube.ide.mcu.externaltools.gnu-tools-for-stm32.12.3.rel1.win32_1.0.100.202403111256/tools/bin/../lib/gcc/arm-none-eabi/12.3.1/../../../../arm-none-eabi/lib/thumb/v7e-m+fp/hard\libc_nano.a(libc_a-nano-vfprintf_i.o)
                0x080094d4                _printf_i
 .text._scanf_float
                0x08009714      0x428 C:/ST/STM32CubeIDE_1.15.0/STM32CubeIDE/plugins/com.st.stm32cube.ide.mcu.externaltools.gnu-tools-for-stm32.12.3.rel1.win32_1.0.100.202403111256/tools/bin/../lib/gcc/arm-none-eabi/12.3.1/../../../../arm-none-eabi/lib/thumb/v7e-m+fp/hard\libc_nano.a(libc_a-nano-vfscanf_float.o)
                0x08009714                _scanf_float
 .text.std      0x08009b3c       0x6c C:/ST/STM32CubeIDE_1.15.0/STM32CubeIDE/plugins/com.st.stm32cube.ide.mcu.externaltools.gnu-tools-for-stm32.12.3.rel1.win32_1.0.100.202403111256/tools/bin/../lib/gcc/arm-none-eabi/12.3.1/../../../../arm-none-eabi/lib/thumb/v7e-m+fp/hard\libc_nano.a(libc_a-findfp.o)
 .text.stdio_exit_handler
                0x08009ba8       0x18 C:/ST/STM32CubeIDE_1.15.0/STM32CubeIDE/plugins/com.st.stm32cube.ide.mcu.externaltools.gnu-tools-for-stm32.12.3.rel1.win32_1.0.100.202403111256/tools/bin/../lib/gcc/arm-none-eabi/12.3.1/../../../../arm-none-eabi/lib/thumb/v7e-m+fp/hard\libc_nano.a(libc_a-findfp.o)
 .text.cleanup_stdio
                0x08009bc0       0x40 C:/ST/STM32CubeIDE_1.15.0/STM32CubeIDE/plugins/com.st.stm32cube.ide.mcu.externaltools.gnu-tools-for-stm32.12.3.rel1.win32_1.0.100.202403111256/tools/bin/../lib/gcc/arm-none-eabi/12.3.1/../../../../arm-none-eabi/lib/thumb/v7e-m+fp/hard\libc_nano.a(libc_a-findfp.o)
 .text.global_stdio_init.part.0
                0x08009c00       0x3c C:/ST/STM32CubeIDE_1.15.0/STM32CubeIDE/plugins/com.st.stm32cube.ide.mcu.externaltools.gnu-tools-for-stm32.12.3.rel1.win32_1.0.100.202403111256/tools/bin/../lib/gcc/arm-none-eabi/12.3.1/../../../../arm-none-eabi/lib/thumb/v7e-m+fp/hard\libc_nano.a(libc_a-findfp.o)
 .text.__sfp_lock_acquire
                0x08009c3c        0xc C:/ST/STM32CubeIDE_1.15.0/STM32CubeIDE/plugins/com.st.stm32cube.ide.mcu.externaltools.gnu-tools-for-stm32.12.3.rel1.win32_1.0.100.202403111256/tools/bin/../lib/gcc/arm-none-eabi/12.3.1/../../../../arm-none-eabi/lib/thumb/v7e-m+fp/hard\libc_nano.a(libc_a-findfp.o)
                0x08009c3c                __sfp_lock_acquire
 .text.__sfp_lock_release
                0x08009c48        0xc C:/ST/STM32CubeIDE_1.15.0/STM32CubeIDE/plugins/com.st.stm32cube.ide.mcu.externaltools.gnu-tools-for-stm32.12.3.rel1.win32_1.0.100.202403111256/tools/bin/../lib/gcc/arm-none-eabi/12.3.1/../../../../arm-none-eabi/lib/thumb/v7e-m+fp/hard\libc_nano.a(libc_a-findfp.o)
                0x08009c48                __sfp_lock_release
 .text.__sinit  0x08009c54       0x30 C:/ST/STM32CubeIDE_1.15.0/STM32CubeIDE/plugins/com.st.stm32cube.ide.mcu.externaltools.gnu-tools-for-stm32.12.3.rel1.win32_1.0.100.202403111256/tools/bin/../lib/gcc/arm-none-eabi/12.3.1/../../../../arm-none-eabi/lib/thumb/v7e-m+fp/hard\libc_nano.a(libc_a-findfp.o)
                0x08009c54                __sinit
 .text._fwalk_sglue
                0x08009c84       0x3c C:/ST/STM32CubeIDE_1.15.0/STM32CubeIDE/plugins/com.st.stm32cube.ide.mcu.externaltools.gnu-tools-for-stm32.12.3.rel1.win32_1.0.100.202403111256/tools/bin/../lib/gcc/arm-none-eabi/12.3.1/../../../../arm-none-eabi/lib/thumb/v7e-m+fp/hard\libc_nano.a(libc_a-fwalk.o)
                0x08009c84                _fwalk_sglue
 .text.sprintf  0x08009cc0       0x40 C:/ST/STM32CubeIDE_1.15.0/STM32CubeIDE/plugins/com.st.stm32cube.ide.mcu.externaltools.gnu-tools-for-stm32.12.3.rel1.win32_1.0.100.202403111256/tools/bin/../lib/gcc/arm-none-eabi/12.3.1/../../../../arm-none-eabi/lib/thumb/v7e-m+fp/hard\libc_nano.a(libc_a-sprintf.o)
                0x08009cc0                siprintf
                0x08009cc0                sprintf
 .text.__sread  0x08009d00       0x22 C:/ST/STM32CubeIDE_1.15.0/STM32CubeIDE/plugins/com.st.stm32cube.ide.mcu.externaltools.gnu-tools-for-stm32.12.3.rel1.win32_1.0.100.202403111256/tools/bin/../lib/gcc/arm-none-eabi/12.3.1/../../../../arm-none-eabi/lib/thumb/v7e-m+fp/hard\libc_nano.a(libc_a-stdio.o)
                0x08009d00                __sread
 .text.__swrite
                0x08009d22       0x38 C:/ST/STM32CubeIDE_1.15.0/STM32CubeIDE/plugins/com.st.stm32cube.ide.mcu.externaltools.gnu-tools-for-stm32.12.3.rel1.win32_1.0.100.202403111256/tools/bin/../lib/gcc/arm-none-eabi/12.3.1/../../../../arm-none-eabi/lib/thumb/v7e-m+fp/hard\libc_nano.a(libc_a-stdio.o)
                0x08009d22                __swrite
 .text.__sseek  0x08009d5a       0x24 C:/ST/STM32CubeIDE_1.15.0/STM32CubeIDE/plugins/com.st.stm32cube.ide.mcu.externaltools.gnu-tools-for-stm32.12.3.rel1.win32_1.0.100.202403111256/tools/bin/../lib/gcc/arm-none-eabi/12.3.1/../../../../arm-none-eabi/lib/thumb/v7e-m+fp/hard\libc_nano.a(libc_a-stdio.o)
                0x08009d5a                __sseek
 .text.__sclose
                0x08009d7e        0x8 C:/ST/STM32CubeIDE_1.15.0/STM32CubeIDE/plugins/com.st.stm32cube.ide.mcu.externaltools.gnu-tools-for-stm32.12.3.rel1.win32_1.0.100.202403111256/tools/bin/../lib/gcc/arm-none-eabi/12.3.1/../../../../arm-none-eabi/lib/thumb/v7e-m+fp/hard\libc_nano.a(libc_a-stdio.o)
                0x08009d7e                __sclose
 *fill*         0x08009d86        0x2 
 .text._vsprintf_r
                0x08009d88       0x2c C:/ST/STM32CubeIDE_1.15.0/STM32CubeIDE/plugins/com.st.stm32cube.ide.mcu.externaltools.gnu-tools-for-stm32.12.3.rel1.win32_1.0.100.202403111256/tools/bin/../lib/gcc/arm-none-eabi/12.3.1/../../../../arm-none-eabi/lib/thumb/v7e-m+fp/hard\libc_nano.a(libc_a-vsprintf.o)
                0x08009d88                _vsprintf_r
                0x08009d88                _vsiprintf_r
 .text.vsprintf
                0x08009db4       0x14 C:/ST/STM32CubeIDE_1.15.0/STM32CubeIDE/plugins/com.st.stm32cube.ide.mcu.externaltools.gnu-tools-for-stm32.12.3.rel1.win32_1.0.100.202403111256/tools/bin/../lib/gcc/arm-none-eabi/12.3.1/../../../../arm-none-eabi/lib/thumb/v7e-m+fp/hard\libc_nano.a(libc_a-vsprintf.o)
                0x08009db4                vsiprintf
                0x08009db4                vsprintf
 .text.memset   0x08009dc8       0x10 C:/ST/STM32CubeIDE_1.15.0/STM32CubeIDE/plugins/com.st.stm32cube.ide.mcu.externaltools.gnu-tools-for-stm32.12.3.rel1.win32_1.0.100.202403111256/tools/bin/../lib/gcc/arm-none-eabi/12.3.1/../../../../arm-none-eabi/lib/thumb/v7e-m+fp/hard\libc_nano.a(libc_a-memset.o)
                0x08009dc8                memset
 .text.strchr   0x08009dd8       0x1a C:/ST/STM32CubeIDE_1.15.0/STM32CubeIDE/plugins/com.st.stm32cube.ide.mcu.externaltools.gnu-tools-for-stm32.12.3.rel1.win32_1.0.100.202403111256/tools/bin/../lib/gcc/arm-none-eabi/12.3.1/../../../../arm-none-eabi/lib/thumb/v7e-m+fp/hard\libc_nano.a(libc_a-strchr.o)
                0x08009dd8                strchr
 .text.strncmp  0x08009df2       0x24 C:/ST/STM32CubeIDE_1.15.0/STM32CubeIDE/plugins/com.st.stm32cube.ide.mcu.externaltools.gnu-tools-for-stm32.12.3.rel1.win32_1.0.100.202403111256/tools/bin/../lib/gcc/arm-none-eabi/12.3.1/../../../../arm-none-eabi/lib/thumb/v7e-m+fp/hard\libc_nano.a(libc_a-strncmp.o)
                0x08009df2                strncmp
 *fill*         0x08009e16        0x2 
 .text.strtok   0x08009e18       0x68 C:/ST/STM32CubeIDE_1.15.0/STM32CubeIDE/plugins/com.st.stm32cube.ide.mcu.externaltools.gnu-tools-for-stm32.12.3.rel1.win32_1.0.100.202403111256/tools/bin/../lib/gcc/arm-none-eabi/12.3.1/../../../../arm-none-eabi/lib/thumb/v7e-m+fp/hard\libc_nano.a(libc_a-strtok.o)
                0x08009e18                strtok
 .text.__strtok_r
                0x08009e80       0x50 C:/ST/STM32CubeIDE_1.15.0/STM32CubeIDE/plugins/com.st.stm32cube.ide.mcu.externaltools.gnu-tools-for-stm32.12.3.rel1.win32_1.0.100.202403111256/tools/bin/../lib/gcc/arm-none-eabi/12.3.1/../../../../arm-none-eabi/lib/thumb/v7e-m+fp/hard\libc_nano.a(libc_a-strtok_r.o)
                0x08009e80                __strtok_r
 .text._localeconv_r
                0x08009ed0        0x8 C:/ST/STM32CubeIDE_1.15.0/STM32CubeIDE/plugins/com.st.stm32cube.ide.mcu.externaltools.gnu-tools-for-stm32.12.3.rel1.win32_1.0.100.202403111256/tools/bin/../lib/gcc/arm-none-eabi/12.3.1/../../../../arm-none-eabi/lib/thumb/v7e-m+fp/hard\libc_nano.a(libc_a-localeconv.o)
                0x08009ed0                _localeconv_r
 .text._close_r
                0x08009ed8       0x20 C:/ST/STM32CubeIDE_1.15.0/STM32CubeIDE/plugins/com.st.stm32cube.ide.mcu.externaltools.gnu-tools-for-stm32.12.3.rel1.win32_1.0.100.202403111256/tools/bin/../lib/gcc/arm-none-eabi/12.3.1/../../../../arm-none-eabi/lib/thumb/v7e-m+fp/hard\libc_nano.a(libc_a-closer.o)
                0x08009ed8                _close_r
 .text._lseek_r
                0x08009ef8       0x24 C:/ST/STM32CubeIDE_1.15.0/STM32CubeIDE/plugins/com.st.stm32cube.ide.mcu.externaltools.gnu-tools-for-stm32.12.3.rel1.win32_1.0.100.202403111256/tools/bin/../lib/gcc/arm-none-eabi/12.3.1/../../../../arm-none-eabi/lib/thumb/v7e-m+fp/hard\libc_nano.a(libc_a-lseekr.o)
                0x08009ef8                _lseek_r
 .text._read_r  0x08009f1c       0x24 C:/ST/STM32CubeIDE_1.15.0/STM32CubeIDE/plugins/com.st.stm32cube.ide.mcu.externaltools.gnu-tools-for-stm32.12.3.rel1.win32_1.0.100.202403111256/tools/bin/../lib/gcc/arm-none-eabi/12.3.1/../../../../arm-none-eabi/lib/thumb/v7e-m+fp/hard\libc_nano.a(libc_a-readr.o)
                0x08009f1c                _read_r
 .text._write_r
                0x08009f40       0x24 C:/ST/STM32CubeIDE_1.15.0/STM32CubeIDE/plugins/com.st.stm32cube.ide.mcu.externaltools.gnu-tools-for-stm32.12.3.rel1.win32_1.0.100.202403111256/tools/bin/../lib/gcc/arm-none-eabi/12.3.1/../../../../arm-none-eabi/lib/thumb/v7e-m+fp/hard\libc_nano.a(libc_a-writer.o)
                0x08009f40                _write_r
 .text.__errno  0x08009f64        0xc C:/ST/STM32CubeIDE_1.15.0/STM32CubeIDE/plugins/com.st.stm32cube.ide.mcu.externaltools.gnu-tools-for-stm32.12.3.rel1.win32_1.0.100.202403111256/tools/bin/../lib/gcc/arm-none-eabi/12.3.1/../../../../arm-none-eabi/lib/thumb/v7e-m+fp/hard\libc_nano.a(libc_a-errno.o)
                0x08009f64                __errno
 .text.__libc_init_array
                0x08009f70       0x48 C:/ST/STM32CubeIDE_1.15.0/STM32CubeIDE/plugins/com.st.stm32cube.ide.mcu.externaltools.gnu-tools-for-stm32.12.3.rel1.win32_1.0.100.202403111256/tools/bin/../lib/gcc/arm-none-eabi/12.3.1/../../../../arm-none-eabi/lib/thumb/v7e-m+fp/hard\libc_nano.a(libc_a-init.o)
                0x08009f70                __libc_init_array
 .text.__retarget_lock_init_recursive
                0x08009fb8        0x2 C:/ST/STM32CubeIDE_1.15.0/STM32CubeIDE/plugins/com.st.stm32cube.ide.mcu.externaltools.gnu-tools-for-stm32.12.3.rel1.win32_1.0.100.202403111256/tools/bin/../lib/gcc/arm-none-eabi/12.3.1/../../../../arm-none-eabi/lib/thumb/v7e-m+fp/hard\libc_nano.a(libc_a-lock.o)
                0x08009fb8                __retarget_lock_init_recursive
 .text.__retarget_lock_acquire_recursive
                0x08009fba        0x2 C:/ST/STM32CubeIDE_1.15.0/STM32CubeIDE/plugins/com.st.stm32cube.ide.mcu.externaltools.gnu-tools-for-stm32.12.3.rel1.win32_1.0.100.202403111256/tools/bin/../lib/gcc/arm-none-eabi/12.3.1/../../../../arm-none-eabi/lib/thumb/v7e-m+fp/hard\libc_nano.a(libc_a-lock.o)
                0x08009fba                __retarget_lock_acquire_recursive
 .text.__retarget_lock_release_recursive
                0x08009fbc        0x2 C:/ST/STM32CubeIDE_1.15.0/STM32CubeIDE/plugins/com.st.stm32cube.ide.mcu.externaltools.gnu-tools-for-stm32.12.3.rel1.win32_1.0.100.202403111256/tools/bin/../lib/gcc/arm-none-eabi/12.3.1/../../../../arm-none-eabi/lib/thumb/v7e-m+fp/hard\libc_nano.a(libc_a-lock.o)
                0x08009fbc                __retarget_lock_release_recursive
 .text.strcpy   0x08009fbe       0x10 C:/ST/STM32CubeIDE_1.15.0/STM32CubeIDE/plugins/com.st.stm32cube.ide.mcu.externaltools.gnu-tools-for-stm32.12.3.rel1.win32_1.0.100.202403111256/tools/bin/../lib/gcc/arm-none-eabi/12.3.1/../../../../arm-none-eabi/lib/thumb/v7e-m+fp/hard\libc_nano.a(libc_a-strcpy.o)
                0x08009fbe                strcpy
 .text.memcpy   0x08009fce       0x1c C:/ST/STM32CubeIDE_1.15.0/STM32CubeIDE/plugins/com.st.stm32cube.ide.mcu.externaltools.gnu-tools-for-stm32.12.3.rel1.win32_1.0.100.202403111256/tools/bin/../lib/gcc/arm-none-eabi/12.3.1/../../../../arm-none-eabi/lib/thumb/v7e-m+fp/hard\libc_nano.a(libc_a-memcpy-stub.o)
                0x08009fce                memcpy
 *fill*         0x08009fea        0x6 
 .text.nan      0x08009ff0       0x10 C:/ST/STM32CubeIDE_1.15.0/STM32CubeIDE/plugins/com.st.stm32cube.ide.mcu.externaltools.gnu-tools-for-stm32.12.3.rel1.win32_1.0.100.202403111256/tools/bin/../lib/gcc/arm-none-eabi/12.3.1/../../../../arm-none-eabi/lib/thumb/v7e-m+fp/hard\libc_nano.a(libm_a-s_nan.o)
                0x08009ff0                nan
 .text.nanf     0x0800a000        0xc C:/ST/STM32CubeIDE_1.15.0/STM32CubeIDE/plugins/com.st.stm32cube.ide.mcu.externaltools.gnu-tools-for-stm32.12.3.rel1.win32_1.0.100.202403111256/tools/bin/../lib/gcc/arm-none-eabi/12.3.1/../../../../arm-none-eabi/lib/thumb/v7e-m+fp/hard\libc_nano.a(libm_a-sf_nan.o)
                0x0800a000                nanf
 .text.__assert_func
                0x0800a00c       0x3c C:/ST/STM32CubeIDE_1.15.0/STM32CubeIDE/plugins/com.st.stm32cube.ide.mcu.externaltools.gnu-tools-for-stm32.12.3.rel1.win32_1.0.100.202403111256/tools/bin/../lib/gcc/arm-none-eabi/12.3.1/../../../../arm-none-eabi/lib/thumb/v7e-m+fp/hard\libc_nano.a(libc_a-assert.o)
                0x0800a00c                __assert_func
 .text.quorem   0x0800a048      0x110 C:/ST/STM32CubeIDE_1.15.0/STM32CubeIDE/plugins/com.st.stm32cube.ide.mcu.externaltools.gnu-tools-for-stm32.12.3.rel1.win32_1.0.100.202403111256/tools/bin/../lib/gcc/arm-none-eabi/12.3.1/../../../../arm-none-eabi/lib/thumb/v7e-m+fp/hard\libc_nano.a(libc_a-dtoa.o)
 .text._dtoa_r  0x0800a158      0xb88 C:/ST/STM32CubeIDE_1.15.0/STM32CubeIDE/plugins/com.st.stm32cube.ide.mcu.externaltools.gnu-tools-for-stm32.12.3.rel1.win32_1.0.100.202403111256/tools/bin/../lib/gcc/arm-none-eabi/12.3.1/../../../../arm-none-eabi/lib/thumb/v7e-m+fp/hard\libc_nano.a(libc_a-dtoa.o)
                0x0800a158                _dtoa_r
 .text._free_r  0x0800ace0       0x94 C:/ST/STM32CubeIDE_1.15.0/STM32CubeIDE/plugins/com.st.stm32cube.ide.mcu.externaltools.gnu-tools-for-stm32.12.3.rel1.win32_1.0.100.202403111256/tools/bin/../lib/gcc/arm-none-eabi/12.3.1/../../../../arm-none-eabi/lib/thumb/v7e-m+fp/hard\libc_nano.a(libc_a-freer.o)
                0x0800ace0                _free_r
 .text.rshift   0x0800ad74       0xa4 C:/ST/STM32CubeIDE_1.15.0/STM32CubeIDE/plugins/com.st.stm32cube.ide.mcu.externaltools.gnu-tools-for-stm32.12.3.rel1.win32_1.0.100.202403111256/tools/bin/../lib/gcc/arm-none-eabi/12.3.1/../../../../arm-none-eabi/lib/thumb/v7e-m+fp/hard\libc_nano.a(libc_a-gdtoa-gethex.o)
 .text.__hexdig_fun
                0x0800ae18       0x2a C:/ST/STM32CubeIDE_1.15.0/STM32CubeIDE/plugins/com.st.stm32cube.ide.mcu.externaltools.gnu-tools-for-stm32.12.3.rel1.win32_1.0.100.202403111256/tools/bin/../lib/gcc/arm-none-eabi/12.3.1/../../../../arm-none-eabi/lib/thumb/v7e-m+fp/hard\libc_nano.a(libc_a-gdtoa-gethex.o)
                0x0800ae18                __hexdig_fun
 *fill*         0x0800ae42        0x2 
 .text.__gethex
                0x0800ae44      0x420 C:/ST/STM32CubeIDE_1.15.0/STM32CubeIDE/plugins/com.st.stm32cube.ide.mcu.externaltools.gnu-tools-for-stm32.12.3.rel1.win32_1.0.100.202403111256/tools/bin/../lib/gcc/arm-none-eabi/12.3.1/../../../../arm-none-eabi/lib/thumb/v7e-m+fp/hard\libc_nano.a(libc_a-gdtoa-gethex.o)
                0x0800ae44                __gethex
 .text.L_shift  0x0800b264       0x24 C:/ST/STM32CubeIDE_1.15.0/STM32CubeIDE/plugins/com.st.stm32cube.ide.mcu.externaltools.gnu-tools-for-stm32.12.3.rel1.win32_1.0.100.202403111256/tools/bin/../lib/gcc/arm-none-eabi/12.3.1/../../../../arm-none-eabi/lib/thumb/v7e-m+fp/hard\libc_nano.a(libc_a-gdtoa-hexnan.o)
 .text.__match  0x0800b288       0x28 C:/ST/STM32CubeIDE_1.15.0/STM32CubeIDE/plugins/com.st.stm32cube.ide.mcu.externaltools.gnu-tools-for-stm32.12.3.rel1.win32_1.0.100.202403111256/tools/bin/../lib/gcc/arm-none-eabi/12.3.1/../../../../arm-none-eabi/lib/thumb/v7e-m+fp/hard\libc_nano.a(libc_a-gdtoa-hexnan.o)
                0x0800b288                __match
 .text.__hexnan
                0x0800b2b0      0x136 C:/ST/STM32CubeIDE_1.15.0/STM32CubeIDE/plugins/com.st.stm32cube.ide.mcu.externaltools.gnu-tools-for-stm32.12.3.rel1.win32_1.0.100.202403111256/tools/bin/../lib/gcc/arm-none-eabi/12.3.1/../../../../arm-none-eabi/lib/thumb/v7e-m+fp/hard\libc_nano.a(libc_a-gdtoa-hexnan.o)
                0x0800b2b0                __hexnan
 *fill*         0x0800b3e6        0x2 
 .text.malloc   0x0800b3e8       0x10 C:/ST/STM32CubeIDE_1.15.0/STM32CubeIDE/plugins/com.st.stm32cube.ide.mcu.externaltools.gnu-tools-for-stm32.12.3.rel1.win32_1.0.100.202403111256/tools/bin/../lib/gcc/arm-none-eabi/12.3.1/../../../../arm-none-eabi/lib/thumb/v7e-m+fp/hard\libc_nano.a(libc_a-malloc.o)
                0x0800b3e8                malloc
 .text.sbrk_aligned
                0x0800b3f8       0x44 C:/ST/STM32CubeIDE_1.15.0/STM32CubeIDE/plugins/com.st.stm32cube.ide.mcu.externaltools.gnu-tools-for-stm32.12.3.rel1.win32_1.0.100.202403111256/tools/bin/../lib/gcc/arm-none-eabi/12.3.1/../../../../arm-none-eabi/lib/thumb/v7e-m+fp/hard\libc_nano.a(libc_a-mallocr.o)
 .text._malloc_r
                0x0800b43c      0x100 C:/ST/STM32CubeIDE_1.15.0/STM32CubeIDE/plugins/com.st.stm32cube.ide.mcu.externaltools.gnu-tools-for-stm32.12.3.rel1.win32_1.0.100.202403111256/tools/bin/../lib/gcc/arm-none-eabi/12.3.1/../../../../arm-none-eabi/lib/thumb/v7e-m+fp/hard\libc_nano.a(libc_a-mallocr.o)
                0x0800b43c                _malloc_r
 .text.__ascii_mbtowc
                0x0800b53c       0x24 C:/ST/STM32CubeIDE_1.15.0/STM32CubeIDE/plugins/com.st.stm32cube.ide.mcu.externaltools.gnu-tools-for-stm32.12.3.rel1.win32_1.0.100.202403111256/tools/bin/../lib/gcc/arm-none-eabi/12.3.1/../../../../arm-none-eabi/lib/thumb/v7e-m+fp/hard\libc_nano.a(libc_a-mbtowc_r.o)
                0x0800b53c                __ascii_mbtowc
 .text.__malloc_lock
                0x0800b560        0xc C:/ST/STM32CubeIDE_1.15.0/STM32CubeIDE/plugins/com.st.stm32cube.ide.mcu.externaltools.gnu-tools-for-stm32.12.3.rel1.win32_1.0.100.202403111256/tools/bin/../lib/gcc/arm-none-eabi/12.3.1/../../../../arm-none-eabi/lib/thumb/v7e-m+fp/hard\libc_nano.a(libc_a-mlock.o)
                0x0800b560                __malloc_lock
 .text.__malloc_unlock
                0x0800b56c        0xc C:/ST/STM32CubeIDE_1.15.0/STM32CubeIDE/plugins/com.st.stm32cube.ide.mcu.externaltools.gnu-tools-for-stm32.12.3.rel1.win32_1.0.100.202403111256/tools/bin/../lib/gcc/arm-none-eabi/12.3.1/../../../../arm-none-eabi/lib/thumb/v7e-m+fp/hard\libc_nano.a(libc_a-mlock.o)
                0x0800b56c                __malloc_unlock
 .text._Balloc  0x0800b578       0x80 C:/ST/STM32CubeIDE_1.15.0/STM32CubeIDE/plugins/com.st.stm32cube.ide.mcu.externaltools.gnu-tools-for-stm32.12.3.rel1.win32_1.0.100.202403111256/tools/bin/../lib/gcc/arm-none-eabi/12.3.1/../../../../arm-none-eabi/lib/thumb/v7e-m+fp/hard\libc_nano.a(libc_a-mprec.o)
                0x0800b578                _Balloc
 .text._Bfree   0x0800b5f8       0x44 C:/ST/STM32CubeIDE_1.15.0/STM32CubeIDE/plugins/com.st.stm32cube.ide.mcu.externaltools.gnu-tools-for-stm32.12.3.rel1.win32_1.0.100.202403111256/tools/bin/../lib/gcc/arm-none-eabi/12.3.1/../../../../arm-none-eabi/lib/thumb/v7e-m+fp/hard\libc_nano.a(libc_a-mprec.o)
                0x0800b5f8                _Bfree
 .text.__multadd
                0x0800b63c       0x8c C:/ST/STM32CubeIDE_1.15.0/STM32CubeIDE/plugins/com.st.stm32cube.ide.mcu.externaltools.gnu-tools-for-stm32.12.3.rel1.win32_1.0.100.202403111256/tools/bin/../lib/gcc/arm-none-eabi/12.3.1/../../../../arm-none-eabi/lib/thumb/v7e-m+fp/hard\libc_nano.a(libc_a-mprec.o)
                0x0800b63c                __multadd
 .text.__s2b    0x0800b6c8       0x94 C:/ST/STM32CubeIDE_1.15.0/STM32CubeIDE/plugins/com.st.stm32cube.ide.mcu.externaltools.gnu-tools-for-stm32.12.3.rel1.win32_1.0.100.202403111256/tools/bin/../lib/gcc/arm-none-eabi/12.3.1/../../../../arm-none-eabi/lib/thumb/v7e-m+fp/hard\libc_nano.a(libc_a-mprec.o)
                0x0800b6c8                __s2b
 .text.__hi0bits
                0x0800b75c       0x3e C:/ST/STM32CubeIDE_1.15.0/STM32CubeIDE/plugins/com.st.stm32cube.ide.mcu.externaltools.gnu-tools-for-stm32.12.3.rel1.win32_1.0.100.202403111256/tools/bin/../lib/gcc/arm-none-eabi/12.3.1/../../../../arm-none-eabi/lib/thumb/v7e-m+fp/hard\libc_nano.a(libc_a-mprec.o)
                0x0800b75c                __hi0bits
 .text.__lo0bits
                0x0800b79a       0x5a C:/ST/STM32CubeIDE_1.15.0/STM32CubeIDE/plugins/com.st.stm32cube.ide.mcu.externaltools.gnu-tools-for-stm32.12.3.rel1.win32_1.0.100.202403111256/tools/bin/../lib/gcc/arm-none-eabi/12.3.1/../../../../arm-none-eabi/lib/thumb/v7e-m+fp/hard\libc_nano.a(libc_a-mprec.o)
                0x0800b79a                __lo0bits
 .text.__i2b    0x0800b7f4       0x2c C:/ST/STM32CubeIDE_1.15.0/STM32CubeIDE/plugins/com.st.stm32cube.ide.mcu.externaltools.gnu-tools-for-stm32.12.3.rel1.win32_1.0.100.202403111256/tools/bin/../lib/gcc/arm-none-eabi/12.3.1/../../../../arm-none-eabi/lib/thumb/v7e-m+fp/hard\libc_nano.a(libc_a-mprec.o)
                0x0800b7f4                __i2b
 .text.__multiply
                0x0800b820      0x154 C:/ST/STM32CubeIDE_1.15.0/STM32CubeIDE/plugins/com.st.stm32cube.ide.mcu.externaltools.gnu-tools-for-stm32.12.3.rel1.win32_1.0.100.202403111256/tools/bin/../lib/gcc/arm-none-eabi/12.3.1/../../../../arm-none-eabi/lib/thumb/v7e-m+fp/hard\libc_nano.a(libc_a-mprec.o)
                0x0800b820                __multiply
 .text.__pow5mult
                0x0800b974       0xb4 C:/ST/STM32CubeIDE_1.15.0/STM32CubeIDE/plugins/com.st.stm32cube.ide.mcu.externaltools.gnu-tools-for-stm32.12.3.rel1.win32_1.0.100.202403111256/tools/bin/../lib/gcc/arm-none-eabi/12.3.1/../../../../arm-none-eabi/lib/thumb/v7e-m+fp/hard\libc_nano.a(libc_a-mprec.o)
                0x0800b974                __pow5mult
 .text.__lshift
                0x0800ba28       0xd8 C:/ST/STM32CubeIDE_1.15.0/STM32CubeIDE/plugins/com.st.stm32cube.ide.mcu.externaltools.gnu-tools-for-stm32.12.3.rel1.win32_1.0.100.202403111256/tools/bin/../lib/gcc/arm-none-eabi/12.3.1/../../../../arm-none-eabi/lib/thumb/v7e-m+fp/hard\libc_nano.a(libc_a-mprec.o)
                0x0800ba28                __lshift
 .text.__mcmp   0x0800bb00       0x36 C:/ST/STM32CubeIDE_1.15.0/STM32CubeIDE/plugins/com.st.stm32cube.ide.mcu.externaltools.gnu-tools-for-stm32.12.3.rel1.win32_1.0.100.202403111256/tools/bin/../lib/gcc/arm-none-eabi/12.3.1/../../../../arm-none-eabi/lib/thumb/v7e-m+fp/hard\libc_nano.a(libc_a-mprec.o)
                0x0800bb00                __mcmp
 *fill*         0x0800bb36        0x2 
 .text.__mdiff  0x0800bb38      0x128 C:/ST/STM32CubeIDE_1.15.0/STM32CubeIDE/plugins/com.st.stm32cube.ide.mcu.externaltools.gnu-tools-for-stm32.12.3.rel1.win32_1.0.100.202403111256/tools/bin/../lib/gcc/arm-none-eabi/12.3.1/../../../../arm-none-eabi/lib/thumb/v7e-m+fp/hard\libc_nano.a(libc_a-mprec.o)
                0x0800bb38                __mdiff
 .text.__ulp    0x0800bc60       0x4c C:/ST/STM32CubeIDE_1.15.0/STM32CubeIDE/plugins/com.st.stm32cube.ide.mcu.externaltools.gnu-tools-for-stm32.12.3.rel1.win32_1.0.100.202403111256/tools/bin/../lib/gcc/arm-none-eabi/12.3.1/../../../../arm-none-eabi/lib/thumb/v7e-m+fp/hard\libc_nano.a(libc_a-mprec.o)
                0x0800bc60                __ulp
 .text.__b2d    0x0800bcac       0x94 C:/ST/STM32CubeIDE_1.15.0/STM32CubeIDE/plugins/com.st.stm32cube.ide.mcu.externaltools.gnu-tools-for-stm32.12.3.rel1.win32_1.0.100.202403111256/tools/bin/../lib/gcc/arm-none-eabi/12.3.1/../../../../arm-none-eabi/lib/thumb/v7e-m+fp/hard\libc_nano.a(libc_a-mprec.o)
                0x0800bcac                __b2d
 .text.__d2b    0x0800bd40       0xb0 C:/ST/STM32CubeIDE_1.15.0/STM32CubeIDE/plugins/com.st.stm32cube.ide.mcu.externaltools.gnu-tools-for-stm32.12.3.rel1.win32_1.0.100.202403111256/tools/bin/../lib/gcc/arm-none-eabi/12.3.1/../../../../arm-none-eabi/lib/thumb/v7e-m+fp/hard\libc_nano.a(libc_a-mprec.o)
                0x0800bd40                __d2b
 .text.__ratio  0x0800bdf0       0x64 C:/ST/STM32CubeIDE_1.15.0/STM32CubeIDE/plugins/com.st.stm32cube.ide.mcu.externaltools.gnu-tools-for-stm32.12.3.rel1.win32_1.0.100.202403111256/tools/bin/../lib/gcc/arm-none-eabi/12.3.1/../../../../arm-none-eabi/lib/thumb/v7e-m+fp/hard\libc_nano.a(libc_a-mprec.o)
                0x0800bdf0                __ratio
 .text.__copybits
                0x0800be54       0x46 C:/ST/STM32CubeIDE_1.15.0/STM32CubeIDE/plugins/com.st.stm32cube.ide.mcu.externaltools.gnu-tools-for-stm32.12.3.rel1.win32_1.0.100.202403111256/tools/bin/../lib/gcc/arm-none-eabi/12.3.1/../../../../arm-none-eabi/lib/thumb/v7e-m+fp/hard\libc_nano.a(libc_a-mprec.o)
                0x0800be54                __copybits
 .text.__any_on
                0x0800be9a       0x42 C:/ST/STM32CubeIDE_1.15.0/STM32CubeIDE/plugins/com.st.stm32cube.ide.mcu.externaltools.gnu-tools-for-stm32.12.3.rel1.win32_1.0.100.202403111256/tools/bin/../lib/gcc/arm-none-eabi/12.3.1/../../../../arm-none-eabi/lib/thumb/v7e-m+fp/hard\libc_nano.a(libc_a-mprec.o)
                0x0800be9a                __any_on
 .text._strtol_l.constprop.0
                0x0800bedc       0xf4 C:/ST/STM32CubeIDE_1.15.0/STM32CubeIDE/plugins/com.st.stm32cube.ide.mcu.externaltools.gnu-tools-for-stm32.12.3.rel1.win32_1.0.100.202403111256/tools/bin/../lib/gcc/arm-none-eabi/12.3.1/../../../../arm-none-eabi/lib/thumb/v7e-m+fp/hard\libc_nano.a(libc_a-strtol.o)
 .text._strtol_r
                0x0800bfd0        0x4 C:/ST/STM32CubeIDE_1.15.0/STM32CubeIDE/plugins/com.st.stm32cube.ide.mcu.externaltools.gnu-tools-for-stm32.12.3.rel1.win32_1.0.100.202403111256/tools/bin/../lib/gcc/arm-none-eabi/12.3.1/../../../../arm-none-eabi/lib/thumb/v7e-m+fp/hard\libc_nano.a(libc_a-strtol.o)
                0x0800bfd0                _strtol_r
 .text.__ascii_wctomb
                0x0800bfd4       0x1a C:/ST/STM32CubeIDE_1.15.0/STM32CubeIDE/plugins/com.st.stm32cube.ide.mcu.externaltools.gnu-tools-for-stm32.12.3.rel1.win32_1.0.100.202403111256/tools/bin/../lib/gcc/arm-none-eabi/12.3.1/../../../../arm-none-eabi/lib/thumb/v7e-m+fp/hard\libc_nano.a(libc_a-wctomb_r.o)
                0x0800bfd4                __ascii_wctomb
 .text.__ssputs_r
                0x0800bfee       0xb6 C:/ST/STM32CubeIDE_1.15.0/STM32CubeIDE/plugins/com.st.stm32cube.ide.mcu.externaltools.gnu-tools-for-stm32.12.3.rel1.win32_1.0.100.202403111256/tools/bin/../lib/gcc/arm-none-eabi/12.3.1/../../../../arm-none-eabi/lib/thumb/v7e-m+fp/hard\libc_nano.a(libc_a-nano-svfprintf.o)
                0x0800bfee                __ssputs_r
 .text._svfprintf_r
                0x0800c0a4      0x1f8 C:/ST/STM32CubeIDE_1.15.0/STM32CubeIDE/plugins/com.st.stm32cube.ide.mcu.externaltools.gnu-tools-for-stm32.12.3.rel1.win32_1.0.100.202403111256/tools/bin/../lib/gcc/arm-none-eabi/12.3.1/../../../../arm-none-eabi/lib/thumb/v7e-m+fp/hard\libc_nano.a(libc_a-nano-svfprintf.o)
                0x0800c0a4                _svfiprintf_r
                0x0800c0a4                _svfprintf_r
 .text.__sflush_r
                0x0800c29c      0x108 C:/ST/STM32CubeIDE_1.15.0/STM32CubeIDE/plugins/com.st.stm32cube.ide.mcu.externaltools.gnu-tools-for-stm32.12.3.rel1.win32_1.0.100.202403111256/tools/bin/../lib/gcc/arm-none-eabi/12.3.1/../../../../arm-none-eabi/lib/thumb/v7e-m+fp/hard\libc_nano.a(libc_a-fflush.o)
                0x0800c29c                __sflush_r
 .text._fflush_r
                0x0800c3a4       0x50 C:/ST/STM32CubeIDE_1.15.0/STM32CubeIDE/plugins/com.st.stm32cube.ide.mcu.externaltools.gnu-tools-for-stm32.12.3.rel1.win32_1.0.100.202403111256/tools/bin/../lib/gcc/arm-none-eabi/12.3.1/../../../../arm-none-eabi/lib/thumb/v7e-m+fp/hard\libc_nano.a(libc_a-fflush.o)
                0x0800c3a4                _fflush_r
 .text.fprintf  0x0800c3f4       0x24 C:/ST/STM32CubeIDE_1.15.0/STM32CubeIDE/plugins/com.st.stm32cube.ide.mcu.externaltools.gnu-tools-for-stm32.12.3.rel1.win32_1.0.100.202403111256/tools/bin/../lib/gcc/arm-none-eabi/12.3.1/../../../../arm-none-eabi/lib/thumb/v7e-m+fp/hard\libc_nano.a(libc_a-fprintf.o)
                0x0800c3f4                fiprintf
                0x0800c3f4                fprintf
 .text.memmove  0x0800c418       0x34 C:/ST/STM32CubeIDE_1.15.0/STM32CubeIDE/plugins/com.st.stm32cube.ide.mcu.externaltools.gnu-tools-for-stm32.12.3.rel1.win32_1.0.100.202403111256/tools/bin/../lib/gcc/arm-none-eabi/12.3.1/../../../../arm-none-eabi/lib/thumb/v7e-m+fp/hard\libc_nano.a(libc_a-memmove.o)
                0x0800c418                memmove
 .text._sbrk_r  0x0800c44c       0x20 C:/ST/STM32CubeIDE_1.15.0/STM32CubeIDE/plugins/com.st.stm32cube.ide.mcu.externaltools.gnu-tools-for-stm32.12.3.rel1.win32_1.0.100.202403111256/tools/bin/../lib/gcc/arm-none-eabi/12.3.1/../../../../arm-none-eabi/lib/thumb/v7e-m+fp/hard\libc_nano.a(libc_a-sbrkr.o)
                0x0800c44c                _sbrk_r
 .text.abort    0x0800c46c        0xe C:/ST/STM32CubeIDE_1.15.0/STM32CubeIDE/plugins/com.st.stm32cube.ide.mcu.externaltools.gnu-tools-for-stm32.12.3.rel1.win32_1.0.100.202403111256/tools/bin/../lib/gcc/arm-none-eabi/12.3.1/../../../../arm-none-eabi/lib/thumb/v7e-m+fp/hard\libc_nano.a(libc_a-abort.o)
                0x0800c46c                abort
 .text._calloc_r
                0x0800c47a       0x28 C:/ST/STM32CubeIDE_1.15.0/STM32CubeIDE/plugins/com.st.stm32cube.ide.mcu.externaltools.gnu-tools-for-stm32.12.3.rel1.win32_1.0.100.202403111256/tools/bin/../lib/gcc/arm-none-eabi/12.3.1/../../../../arm-none-eabi/lib/thumb/v7e-m+fp/hard\libc_nano.a(libc_a-callocr.o)
                0x0800c47a                _calloc_r
 .text._realloc_r
                0x0800c4a2       0x5c C:/ST/STM32CubeIDE_1.15.0/STM32CubeIDE/plugins/com.st.stm32cube.ide.mcu.externaltools.gnu-tools-for-stm32.12.3.rel1.win32_1.0.100.202403111256/tools/bin/../lib/gcc/arm-none-eabi/12.3.1/../../../../arm-none-eabi/lib/thumb/v7e-m+fp/hard\libc_nano.a(libc_a-reallocr.o)
                0x0800c4a2                _realloc_r
 .text.__sfputc_r
                0x0800c4fe       0x2e C:/ST/STM32CubeIDE_1.15.0/STM32CubeIDE/plugins/com.st.stm32cube.ide.mcu.externaltools.gnu-tools-for-stm32.12.3.rel1.win32_1.0.100.202403111256/tools/bin/../lib/gcc/arm-none-eabi/12.3.1/../../../../arm-none-eabi/lib/thumb/v7e-m+fp/hard\libc_nano.a(libc_a-nano-vfprintf.o)
 .text.__sfputs_r