../Core/Src/ili9341.c:610:13:lcdWriteData	0	static
../Core/Src/ili9341.c:615:23:lcdReadData	0	static
../Core/Src/ili9341.c:404:6:lcdSetTextFont	0	static
../Core/Src/ili9341.c:417:6:lcdSetTextColor	0	static
../Core/Src/ili9341.c:430:6:lcdSetTextWrap	0	static
../Core/Src/ili9341.c:468:6:lcdBacklightOff	8	static
../Core/Src/ili9341.c:473:6:lcdBacklightOn	8	static
../Core/Src/ili9341.c:511:10:lcdGetWidth	0	static
../Core/Src/ili9341.c:516:10:lcdGetHeight	0	static
../Core/Src/ili9341.c:535:8:lcdGetTextFont	0	static
../Core/Src/ili9341.c:540:22:lcdGetProperties	0	static
../Core/Src/ili9341.c:577:10:lcdColor565	0	static
../Core/Src/ili9341.c:604:6:lcdWriteCommand	0	static
../Core/Src/ili9341.c:597:13:lcdReset	8	static
../Core/Src/ili9341.c:26:6:lcdInit	8	static
../Core/Src/ili9341.c:453:6:lcdSetWindow	24	static
../Core/Src/ili9341.c:125:6:lcdFillRGB	16	static
../Core/Src/ili9341.c:140:6:lcdDrawPixel	8	static
../Core/Src/ili9341.c:222:6:lcdDrawLine	48	static
../Core/Src/ili9341.c:304:6:lcdDrawChar	56	static
../Core/Src/ili9341.c:351:6:lcdPrintf	32	static
../Core/Src/ili9341.c:151:6:lcdDrawPosition	16	static
../Core/Src/ili9341.c:163:6:lcdDrawHLine	16	static
../Core/Src/ili9341.c:192:6:lcdDrawVLine	16	static
../Core/Src/ili9341.c:584:13:lcdDrawPixels	16	static
../Core/Src/ili9341.c:273:6:lcdDrawImage	24	static
../Core/Src/ili9341.c:285:6:lcdHome	8	static
../Core/Src/ili9341.c:436:6:lcdSetCursor	8	static
../Core/Src/ili9341.c:478:6:lcdInversionOff	8	static
../Core/Src/ili9341.c:483:6:lcdInversionOn	8	static
../Core/Src/ili9341.c:488:6:lcdDisplayOff	8	static
../Core/Src/ili9341.c:494:6:lcdDisplayOn	8	static
../Core/Src/ili9341.c:500:6:lcdTearingOff	8	static
../Core/Src/ili9341.c:505:6:lcdTearingOn	8	static
../Core/Src/ili9341.c:521:10:lcdGetControllerID	8	static
../Core/Src/ili9341.c:553:10:lcdReadPixel	24	static
../Core/Src/ili9341.c:620:6:LCD_PrintVbat	16	static
../Core/Src/ili9341.c:628:6:LCD_PrintCPU_t	16	static
../Core/Src/ili9341.c:636:6:LCD_PrintTime	8	static
../Core/Src/ili9341.c:644:6:LCD_PrintDate	88	static
../Core/Src/ili9341.c:656:6:LCD_PrintSat	16	static
../Core/Src/ili9341.c:664:6:LCD_GPS_lost	8	static
